<?xml version="1.0"?>
<link_info>
   <banner>TI ARM Linker Unix v5.2.5</banner>
   <copyright>Copyright (c) 1996-2015 Texas Instruments Incorporated</copyright>
   <link_time>0x56ae7d12</link_time>
   <link_errors>0x0</link_errors>
   <output_file>CAN_example.out</output_file>
   <entry_point>
      <name>_c_int00</name>
      <address>0x9670</address>
   </entry_point>
   <input_file_list>
      <input_file id="fl-2">
         <path>./source/</path>
         <kind>object</kind>
         <file>adc.obj</file>
         <name>adc.obj</name>
      </input_file>
      <input_file id="fl-3">
         <path>./source/</path>
         <kind>object</kind>
         <file>adc_support.obj</file>
         <name>adc_support.obj</name>
      </input_file>
      <input_file id="fl-4">
         <path>./source/</path>
         <kind>object</kind>
         <file>can.obj</file>
         <name>can.obj</name>
      </input_file>
      <input_file id="fl-5">
         <path>./source/</path>
         <kind>object</kind>
         <file>can_support.obj</file>
         <name>can_support.obj</name>
      </input_file>
      <input_file id="fl-6">
         <path>./source/</path>
         <kind>object</kind>
         <file>classes.obj</file>
         <name>classes.obj</name>
      </input_file>
      <input_file id="fl-7">
         <path>./source/</path>
         <kind>object</kind>
         <file>dabort.obj</file>
         <name>dabort.obj</name>
      </input_file>
      <input_file id="fl-8">
         <path>./source/</path>
         <kind>object</kind>
         <file>esm.obj</file>
         <name>esm.obj</name>
      </input_file>
      <input_file id="fl-9">
         <path>./source/</path>
         <kind>object</kind>
         <file>gio.obj</file>
         <name>gio.obj</name>
      </input_file>
      <input_file id="fl-a">
         <path>./source/</path>
         <kind>object</kind>
         <file>notification.obj</file>
         <name>notification.obj</name>
      </input_file>
      <input_file id="fl-b">
         <path>./source/</path>
         <kind>object</kind>
         <file>pinmux.obj</file>
         <name>pinmux.obj</name>
      </input_file>
      <input_file id="fl-c">
         <path>./source/</path>
         <kind>object</kind>
         <file>sci.obj</file>
         <name>sci.obj</name>
      </input_file>
      <input_file id="fl-d">
         <path>./source/</path>
         <kind>object</kind>
         <file>sys_core.obj</file>
         <name>sys_core.obj</name>
      </input_file>
      <input_file id="fl-e">
         <path>./source/</path>
         <kind>object</kind>
         <file>sys_intvecs.obj</file>
         <name>sys_intvecs.obj</name>
      </input_file>
      <input_file id="fl-f">
         <path>./source/</path>
         <kind>object</kind>
         <file>sys_main.obj</file>
         <name>sys_main.obj</name>
      </input_file>
      <input_file id="fl-10">
         <path>./source/</path>
         <kind>object</kind>
         <file>sys_mpu.obj</file>
         <name>sys_mpu.obj</name>
      </input_file>
      <input_file id="fl-11">
         <path>./source/</path>
         <kind>object</kind>
         <file>sys_pcr.obj</file>
         <name>sys_pcr.obj</name>
      </input_file>
      <input_file id="fl-12">
         <path>./source/</path>
         <kind>object</kind>
         <file>sys_phantom.obj</file>
         <name>sys_phantom.obj</name>
      </input_file>
      <input_file id="fl-13">
         <path>./source/</path>
         <kind>object</kind>
         <file>sys_pmu.obj</file>
         <name>sys_pmu.obj</name>
      </input_file>
      <input_file id="fl-14">
         <path>./source/</path>
         <kind>object</kind>
         <file>sys_selftest.obj</file>
         <name>sys_selftest.obj</name>
      </input_file>
      <input_file id="fl-15">
         <path>./source/</path>
         <kind>object</kind>
         <file>sys_startup.obj</file>
         <name>sys_startup.obj</name>
      </input_file>
      <input_file id="fl-16">
         <path>./source/</path>
         <kind>object</kind>
         <file>sys_vim.obj</file>
         <name>sys_vim.obj</name>
      </input_file>
      <input_file id="fl-17">
         <path>./source/</path>
         <kind>object</kind>
         <file>system.obj</file>
         <name>system.obj</name>
      </input_file>
      <input_file id="fl-13d">
         <path>/Applications/ti/ccsv6/tools/compiler/ti-cgt-arm_5.2.5/lib/</path>
         <kind>archive</kind>
         <file>rtsv7R4_A_le_eabi.lib</file>
         <name>autoinit.obj</name>
      </input_file>
      <input_file id="fl-13e">
         <path>/Applications/ti/ccsv6/tools/compiler/ti-cgt-arm_5.2.5/lib/</path>
         <kind>archive</kind>
         <file>rtsv7R4_A_le_eabi.lib</file>
         <name>copy_decompress_none.obj</name>
      </input_file>
      <input_file id="fl-13f">
         <path>/Applications/ti/ccsv6/tools/compiler/ti-cgt-arm_5.2.5/lib/</path>
         <kind>archive</kind>
         <file>rtsv7R4_A_le_eabi.lib</file>
         <name>copy_decompress_rle.obj</name>
      </input_file>
      <input_file id="fl-140">
         <path>/Applications/ti/ccsv6/tools/compiler/ti-cgt-arm_5.2.5/lib/</path>
         <kind>archive</kind>
         <file>rtsv7R4_A_le_eabi.lib</file>
         <name>copy_zero_init.obj</name>
      </input_file>
      <input_file id="fl-141">
         <path>/Applications/ti/ccsv6/tools/compiler/ti-cgt-arm_5.2.5/lib/</path>
         <kind>archive</kind>
         <file>rtsv7R4_A_le_eabi.lib</file>
         <name>cpy_tbl.obj</name>
      </input_file>
      <input_file id="fl-142">
         <path>/Applications/ti/ccsv6/tools/compiler/ti-cgt-arm_5.2.5/lib/</path>
         <kind>archive</kind>
         <file>rtsv7R4_A_le_eabi.lib</file>
         <name>exit.obj</name>
      </input_file>
      <input_file id="fl-143">
         <path>/Applications/ti/ccsv6/tools/compiler/ti-cgt-arm_5.2.5/lib/</path>
         <kind>archive</kind>
         <file>rtsv7R4_A_le_eabi.lib</file>
         <name>fd_add32.obj</name>
      </input_file>
      <input_file id="fl-144">
         <path>/Applications/ti/ccsv6/tools/compiler/ti-cgt-arm_5.2.5/lib/</path>
         <kind>archive</kind>
         <file>rtsv7R4_A_le_eabi.lib</file>
         <name>fd_div32.obj</name>
      </input_file>
      <input_file id="fl-145">
         <path>/Applications/ti/ccsv6/tools/compiler/ti-cgt-arm_5.2.5/lib/</path>
         <kind>archive</kind>
         <file>rtsv7R4_A_le_eabi.lib</file>
         <name>fd_tou32.obj</name>
      </input_file>
      <input_file id="fl-146">
         <path>/Applications/ti/ccsv6/tools/compiler/ti-cgt-arm_5.2.5/lib/</path>
         <kind>archive</kind>
         <file>rtsv7R4_A_le_eabi.lib</file>
         <name>ltoa.obj</name>
      </input_file>
      <input_file id="fl-147">
         <path>/Applications/ti/ccsv6/tools/compiler/ti-cgt-arm_5.2.5/lib/</path>
         <kind>archive</kind>
         <file>rtsv7R4_A_le_eabi.lib</file>
         <name>memcpy32.obj</name>
      </input_file>
      <input_file id="fl-148">
         <path>/Applications/ti/ccsv6/tools/compiler/ti-cgt-arm_5.2.5/lib/</path>
         <kind>archive</kind>
         <file>rtsv7R4_A_le_eabi.lib</file>
         <name>memset32.obj</name>
      </input_file>
      <input_file id="fl-149">
         <path>/Applications/ti/ccsv6/tools/compiler/ti-cgt-arm_5.2.5/lib/</path>
         <kind>archive</kind>
         <file>rtsv7R4_A_le_eabi.lib</file>
         <name>printf.obj</name>
      </input_file>
      <input_file id="fl-14a">
         <path>/Applications/ti/ccsv6/tools/compiler/ti-cgt-arm_5.2.5/lib/</path>
         <kind>archive</kind>
         <file>rtsv7R4_A_le_eabi.lib</file>
         <name>u_tofd32.obj</name>
      </input_file>
      <input_file id="fl-14b">
         <path>/Applications/ti/ccsv6/tools/compiler/ti-cgt-arm_5.2.5/lib/</path>
         <kind>archive</kind>
         <file>rtsv7R4_A_le_eabi.lib</file>
         <name>vsnprintf.obj</name>
      </input_file>
      <input_file id="fl-14c">
         <path>/Applications/ti/ccsv6/tools/compiler/ti-cgt-arm_5.2.5/lib/</path>
         <kind>archive</kind>
         <file>rtsv7R4_A_le_eabi.lib</file>
         <name>_lock.obj</name>
      </input_file>
      <input_file id="fl-14d">
         <path>/Applications/ti/ccsv6/tools/compiler/ti-cgt-arm_5.2.5/lib/</path>
         <kind>archive</kind>
         <file>rtsv7R4_A_le_eabi.lib</file>
         <name>_printfi.obj</name>
      </input_file>
      <input_file id="fl-14e">
         <path>/Applications/ti/ccsv6/tools/compiler/ti-cgt-arm_5.2.5/lib/</path>
         <kind>archive</kind>
         <file>rtsv7R4_A_le_eabi.lib</file>
         <name>atoi.obj</name>
      </input_file>
      <input_file id="fl-14f">
         <path>/Applications/ti/ccsv6/tools/compiler/ti-cgt-arm_5.2.5/lib/</path>
         <kind>archive</kind>
         <file>rtsv7R4_A_le_eabi.lib</file>
         <name>ctype.obj</name>
      </input_file>
      <input_file id="fl-150">
         <path>/Applications/ti/ccsv6/tools/compiler/ti-cgt-arm_5.2.5/lib/</path>
         <kind>archive</kind>
         <file>rtsv7R4_A_le_eabi.lib</file>
         <name>defs.obj</name>
      </input_file>
      <input_file id="fl-151">
         <path>/Applications/ti/ccsv6/tools/compiler/ti-cgt-arm_5.2.5/lib/</path>
         <kind>archive</kind>
         <file>rtsv7R4_A_le_eabi.lib</file>
         <name>fd_cmp32.obj</name>
      </input_file>
      <input_file id="fl-152">
         <path>/Applications/ti/ccsv6/tools/compiler/ti-cgt-arm_5.2.5/lib/</path>
         <kind>archive</kind>
         <file>rtsv7R4_A_le_eabi.lib</file>
         <name>fd_mul32.obj</name>
      </input_file>
      <input_file id="fl-153">
         <path>/Applications/ti/ccsv6/tools/compiler/ti-cgt-arm_5.2.5/lib/</path>
         <kind>archive</kind>
         <file>rtsv7R4_A_le_eabi.lib</file>
         <name>fd_toi32.obj</name>
      </input_file>
      <input_file id="fl-154">
         <path>/Applications/ti/ccsv6/tools/compiler/ti-cgt-arm_5.2.5/lib/</path>
         <kind>archive</kind>
         <file>rtsv7R4_A_le_eabi.lib</file>
         <name>fputc.obj</name>
      </input_file>
      <input_file id="fl-155">
         <path>/Applications/ti/ccsv6/tools/compiler/ti-cgt-arm_5.2.5/lib/</path>
         <kind>archive</kind>
         <file>rtsv7R4_A_le_eabi.lib</file>
         <name>fputs.obj</name>
      </input_file>
      <input_file id="fl-156">
         <path>/Applications/ti/ccsv6/tools/compiler/ti-cgt-arm_5.2.5/lib/</path>
         <kind>archive</kind>
         <file>rtsv7R4_A_le_eabi.lib</file>
         <name>frexp.obj</name>
      </input_file>
      <input_file id="fl-157">
         <path>/Applications/ti/ccsv6/tools/compiler/ti-cgt-arm_5.2.5/lib/</path>
         <kind>archive</kind>
         <file>rtsv7R4_A_le_eabi.lib</file>
         <name>i_div32.obj</name>
      </input_file>
      <input_file id="fl-158">
         <path>/Applications/ti/ccsv6/tools/compiler/ti-cgt-arm_5.2.5/lib/</path>
         <kind>archive</kind>
         <file>rtsv7R4_A_le_eabi.lib</file>
         <name>i_tofd32.obj</name>
      </input_file>
      <input_file id="fl-159">
         <path>/Applications/ti/ccsv6/tools/compiler/ti-cgt-arm_5.2.5/lib/</path>
         <kind>archive</kind>
         <file>rtsv7R4_A_le_eabi.lib</file>
         <name>ldexp.obj</name>
      </input_file>
      <input_file id="fl-15a">
         <path>/Applications/ti/ccsv6/tools/compiler/ti-cgt-arm_5.2.5/lib/</path>
         <kind>archive</kind>
         <file>rtsv7R4_A_le_eabi.lib</file>
         <name>lowlev.obj</name>
      </input_file>
      <input_file id="fl-15b">
         <path>/Applications/ti/ccsv6/tools/compiler/ti-cgt-arm_5.2.5/lib/</path>
         <kind>archive</kind>
         <file>rtsv7R4_A_le_eabi.lib</file>
         <name>memccpy.obj</name>
      </input_file>
      <input_file id="fl-15c">
         <path>/Applications/ti/ccsv6/tools/compiler/ti-cgt-arm_5.2.5/lib/</path>
         <kind>archive</kind>
         <file>rtsv7R4_A_le_eabi.lib</file>
         <name>memchr.obj</name>
      </input_file>
      <input_file id="fl-15d">
         <path>/Applications/ti/ccsv6/tools/compiler/ti-cgt-arm_5.2.5/lib/</path>
         <kind>archive</kind>
         <file>rtsv7R4_A_le_eabi.lib</file>
         <name>strchr.obj</name>
      </input_file>
      <input_file id="fl-15e">
         <path>/Applications/ti/ccsv6/tools/compiler/ti-cgt-arm_5.2.5/lib/</path>
         <kind>archive</kind>
         <file>rtsv7R4_A_le_eabi.lib</file>
         <name>strcmp.obj</name>
      </input_file>
      <input_file id="fl-15f">
         <path>/Applications/ti/ccsv6/tools/compiler/ti-cgt-arm_5.2.5/lib/</path>
         <kind>archive</kind>
         <file>rtsv7R4_A_le_eabi.lib</file>
         <name>strlen.obj</name>
      </input_file>
      <input_file id="fl-160">
         <path>/Applications/ti/ccsv6/tools/compiler/ti-cgt-arm_5.2.5/lib/</path>
         <kind>archive</kind>
         <file>rtsv7R4_A_le_eabi.lib</file>
         <name>strncpy.obj</name>
      </input_file>
      <input_file id="fl-161">
         <path>/Applications/ti/ccsv6/tools/compiler/ti-cgt-arm_5.2.5/lib/</path>
         <kind>archive</kind>
         <file>rtsv7R4_A_le_eabi.lib</file>
         <name>trgdrv.obj</name>
      </input_file>
      <input_file id="fl-162">
         <path>/Applications/ti/ccsv6/tools/compiler/ti-cgt-arm_5.2.5/lib/</path>
         <kind>archive</kind>
         <file>rtsv7R4_A_le_eabi.lib</file>
         <name>trgmsg.obj</name>
      </input_file>
      <input_file id="fl-163">
         <path>/Applications/ti/ccsv6/tools/compiler/ti-cgt-arm_5.2.5/lib/</path>
         <kind>archive</kind>
         <file>rtsv7R4_A_le_eabi.lib</file>
         <name>u_div32.obj</name>
      </input_file>
      <input_file id="fl-164">
         <path>/Applications/ti/ccsv6/tools/compiler/ti-cgt-arm_5.2.5/lib/</path>
         <kind>archive</kind>
         <file>rtsv7R4_A_le_eabi.lib</file>
         <name>ull_div32.obj</name>
      </input_file>
      <input_file id="fl-165">
         <path>/Applications/ti/ccsv6/tools/compiler/ti-cgt-arm_5.2.5/lib/</path>
         <kind>archive</kind>
         <file>rtsv7R4_A_le_eabi.lib</file>
         <name>xdclass.obj</name>
      </input_file>
      <input_file id="fl-166">
         <path>/Applications/ti/ccsv6/tools/compiler/ti-cgt-arm_5.2.5/lib/</path>
         <kind>archive</kind>
         <file>rtsv7R4_A_le_eabi.lib</file>
         <name>xdscale.obj</name>
      </input_file>
      <input_file id="fl-167">
         <path>/Applications/ti/ccsv6/tools/compiler/ti-cgt-arm_5.2.5/lib/</path>
         <kind>archive</kind>
         <file>rtsv7R4_A_le_eabi.lib</file>
         <name>xdunscal.obj</name>
      </input_file>
      <input_file id="fl-168">
         <path>/Applications/ti/ccsv6/tools/compiler/ti-cgt-arm_5.2.5/lib/</path>
         <kind>archive</kind>
         <file>rtsv7R4_A_le_eabi.lib</file>
         <name>xferaise.obj</name>
      </input_file>
      <input_file id="fl-169">
         <path>/Applications/ti/ccsv6/tools/compiler/ti-cgt-arm_5.2.5/lib/</path>
         <kind>archive</kind>
         <file>rtsv7R4_A_le_eabi.lib</file>
         <name>xvalues.obj</name>
      </input_file>
      <input_file id="fl-16a">
         <path>/Applications/ti/ccsv6/tools/compiler/ti-cgt-arm_5.2.5/lib/</path>
         <kind>archive</kind>
         <file>rtsv7R4_A_le_eabi.lib</file>
         <name>_io_perm.obj</name>
      </input_file>
      <input_file id="fl-16b">
         <path>/Applications/ti/ccsv6/tools/compiler/ti-cgt-arm_5.2.5/lib/</path>
         <kind>archive</kind>
         <file>rtsv7R4_A_le_eabi.lib</file>
         <name>errno.obj</name>
      </input_file>
      <input_file id="fl-16c">
         <path>/Applications/ti/ccsv6/tools/compiler/ti-cgt-arm_5.2.5/lib/</path>
         <kind>archive</kind>
         <file>rtsv7R4_A_le_eabi.lib</file>
         <name>feraiseexcept.obj</name>
      </input_file>
      <input_file id="fl-16d">
         <path>/Applications/ti/ccsv6/tools/compiler/ti-cgt-arm_5.2.5/lib/</path>
         <kind>archive</kind>
         <file>rtsv7R4_A_le_eabi.lib</file>
         <name>fflush.obj</name>
      </input_file>
      <input_file id="fl-16e">
         <path>/Applications/ti/ccsv6/tools/compiler/ti-cgt-arm_5.2.5/lib/</path>
         <kind>archive</kind>
         <file>rtsv7R4_A_le_eabi.lib</file>
         <name>fseek.obj</name>
      </input_file>
      <input_file id="fl-16f">
         <path>/Applications/ti/ccsv6/tools/compiler/ti-cgt-arm_5.2.5/lib/</path>
         <kind>archive</kind>
         <file>rtsv7R4_A_le_eabi.lib</file>
         <name>i_div0.obj</name>
      </input_file>
      <input_file id="fl-170">
         <path>/Applications/ti/ccsv6/tools/compiler/ti-cgt-arm_5.2.5/lib/</path>
         <kind>archive</kind>
         <file>rtsv7R4_A_le_eabi.lib</file>
         <name>raise.obj</name>
      </input_file>
      <input_file id="fl-171">
         <path>/Applications/ti/ccsv6/tools/compiler/ti-cgt-arm_5.2.5/lib/</path>
         <kind>archive</kind>
         <file>rtsv7R4_A_le_eabi.lib</file>
         <name>setvbuf.obj</name>
      </input_file>
      <input_file id="fl-172">
         <path>/Applications/ti/ccsv6/tools/compiler/ti-cgt-arm_5.2.5/lib/</path>
         <kind>archive</kind>
         <file>rtsv7R4_A_le_eabi.lib</file>
         <name>signal.obj</name>
      </input_file>
      <input_file id="fl-173">
         <path>/Applications/ti/ccsv6/tools/compiler/ti-cgt-arm_5.2.5/lib/</path>
         <kind>archive</kind>
         <file>rtsv7R4_A_le_eabi.lib</file>
         <name>strcpy.obj</name>
      </input_file>
      <input_file id="fl-174">
         <path>/Applications/ti/ccsv6/tools/compiler/ti-cgt-arm_5.2.5/lib/</path>
         <kind>archive</kind>
         <file>rtsv7R4_A_le_eabi.lib</file>
         <name>xdnorm.obj</name>
      </input_file>
      <input_file id="fl-175">
         <path>/Applications/ti/ccsv6/tools/compiler/ti-cgt-arm_5.2.5/lib/</path>
         <kind>archive</kind>
         <file>rtsv7R4_A_le_eabi.lib</file>
         <name>fopen.obj</name>
      </input_file>
      <input_file id="fl-176">
         <path>/Applications/ti/ccsv6/tools/compiler/ti-cgt-arm_5.2.5/lib/</path>
         <kind>archive</kind>
         <file>rtsv7R4_A_le_eabi.lib</file>
         <name>memory.obj</name>
      </input_file>
      <input_file id="fl-177">
         <path>/Applications/ti/ccsv6/tools/compiler/ti-cgt-arm_5.2.5/lib/</path>
         <kind>archive</kind>
         <file>rtsv7R4_A_le_eabi.lib</file>
         <name>fclose.obj</name>
      </input_file>
      <input_file id="fl-178">
         <path>/Applications/ti/ccsv6/tools/compiler/ti-cgt-arm_5.2.5/lib/</path>
         <kind>archive</kind>
         <file>rtsv7R4_A_le_eabi.lib</file>
         <name>remove.obj</name>
      </input_file>
   </input_file_list>
   <object_component_list>
      <object_component id="oc-33">
         <name>.intvecs</name>
         <load_address>0x0</load_address>
         <run_address>0x0</run_address>
         <size>0x20</size>
         <input_file_ref idref="fl-e"/>
      </object_component>
      <object_component id="oc-7d">
         <name>.text</name>
         <load_address>0x20</load_address>
         <run_address>0x20</run_address>
         <size>0x24f0</size>
         <input_file_ref idref="fl-14"/>
      </object_component>
      <object_component id="oc-1db">
         <name>.text</name>
         <load_address>0x2510</load_address>
         <run_address>0x2510</run_address>
         <size>0x1a70</size>
         <input_file_ref idref="fl-14d"/>
      </object_component>
      <object_component id="oc-106">
         <name>.text</name>
         <load_address>0x3f80</load_address>
         <run_address>0x3f80</run_address>
         <size>0xd2c</size>
         <input_file_ref idref="fl-4"/>
      </object_component>
      <object_component id="oc-10c">
         <name>.text</name>
         <load_address>0x4cac</load_address>
         <run_address>0x4cac</run_address>
         <size>0xa84</size>
         <input_file_ref idref="fl-2"/>
      </object_component>
      <object_component id="oc-77">
         <name>.text</name>
         <load_address>0x5730</load_address>
         <run_address>0x5730</run_address>
         <size>0xa64</size>
         <input_file_ref idref="fl-17"/>
      </object_component>
      <object_component id="oc-3f">
         <name>.text</name>
         <load_address>0x6194</load_address>
         <run_address>0x6194</run_address>
         <size>0x89c</size>
         <input_file_ref idref="fl-16"/>
      </object_component>
      <object_component id="oc-fa">
         <name>.text</name>
         <load_address>0x6a30</load_address>
         <run_address>0x6a30</run_address>
         <size>0x684</size>
         <input_file_ref idref="fl-c"/>
      </object_component>
      <object_component id="oc-34e">
         <name>.text</name>
         <load_address>0x70b4</load_address>
         <run_address>0x70b4</run_address>
         <size>0x63c</size>
         <input_file_ref idref="fl-176"/>
      </object_component>
      <object_component id="oc-83">
         <name>.text</name>
         <load_address>0x76f0</load_address>
         <run_address>0x76f0</run_address>
         <size>0x5e8</size>
         <input_file_ref idref="fl-8"/>
      </object_component>
      <object_component id="oc-248">
         <name>.text</name>
         <load_address>0x7cd8</load_address>
         <run_address>0x7cd8</run_address>
         <size>0x548</size>
         <input_file_ref idref="fl-15a"/>
      </object_component>
      <object_component id="oc-36b">
         <name>.text</name>
         <load_address>0x8220</load_address>
         <run_address>0x8220</run_address>
         <size>0x4cc</size>
         <input_file_ref idref="fl-161"/>
      </object_component>
      <object_component id="oc-72">
         <name>.text</name>
         <load_address>0x86ec</load_address>
         <run_address>0x86ec</run_address>
         <size>0x340</size>
         <input_file_ref idref="fl-d"/>
      </object_component>
      <object_component id="oc-354">
         <name>.text</name>
         <load_address>0x8a2c</load_address>
         <run_address>0x8a2c</run_address>
         <size>0x2d4</size>
         <input_file_ref idref="fl-175"/>
      </object_component>
      <object_component id="oc-25e">
         <name>.text</name>
         <load_address>0x8d00</load_address>
         <run_address>0x8d00</run_address>
         <size>0x2b8</size>
         <input_file_ref idref="fl-164"/>
      </object_component>
      <object_component id="oc-3e">
         <name>.text:retain</name>
         <load_address>0x8fb8</load_address>
         <run_address>0x8fb8</run_address>
         <size>0x26c</size>
         <input_file_ref idref="fl-16"/>
      </object_component>
      <object_component id="oc-112">
         <name>.text</name>
         <load_address>0x9224</load_address>
         <run_address>0x9224</run_address>
         <size>0x238</size>
         <input_file_ref idref="fl-3"/>
      </object_component>
      <object_component id="oc-1c1">
         <name>.text</name>
         <load_address>0x945c</load_address>
         <run_address>0x945c</run_address>
         <size>0x214</size>
         <input_file_ref idref="fl-143"/>
      </object_component>
      <object_component id="oc-1e">
         <name>.text:retain</name>
         <load_address>0x9670</load_address>
         <run_address>0x9670</run_address>
         <size>0x208</size>
         <input_file_ref idref="fl-15"/>
      </object_component>
      <object_component id="oc-1d5">
         <name>.text</name>
         <load_address>0x9878</load_address>
         <run_address>0x9878</run_address>
         <size>0x1d4</size>
         <input_file_ref idref="fl-155"/>
      </object_component>
      <object_component id="oc-24">
         <name>.text:retain</name>
         <load_address>0x9a4c</load_address>
         <run_address>0x9a4c</run_address>
         <size>0x1b0</size>
         <input_file_ref idref="fl-4"/>
      </object_component>
      <object_component id="oc-32a">
         <name>.text</name>
         <load_address>0x9bfc</load_address>
         <run_address>0x9bfc</run_address>
         <size>0x1a8</size>
         <input_file_ref idref="fl-166"/>
      </object_component>
      <object_component id="oc-1bc">
         <name>.text</name>
         <load_address>0x9da4</load_address>
         <run_address>0x9da4</run_address>
         <size>0x190</size>
         <input_file_ref idref="fl-144"/>
      </object_component>
      <object_component id="oc-4d">
         <name>.text</name>
         <load_address>0x9f34</load_address>
         <run_address>0x9f34</run_address>
         <size>0x180</size>
         <input_file_ref idref="fl-147"/>
      </object_component>
      <object_component id="oc-382">
         <name>.text</name>
         <load_address>0xa0b4</load_address>
         <run_address>0xa0b4</run_address>
         <size>0x160</size>
         <input_file_ref idref="fl-174"/>
      </object_component>
      <object_component id="oc-2e2">
         <name>.text</name>
         <load_address>0xa214</load_address>
         <run_address>0xa214</run_address>
         <size>0x158</size>
         <input_file_ref idref="fl-171"/>
      </object_component>
      <object_component id="oc-dc">
         <name>.text</name>
         <load_address>0xa36c</load_address>
         <run_address>0xa36c</run_address>
         <size>0x150</size>
         <input_file_ref idref="fl-b"/>
      </object_component>
      <object_component id="oc-9c">
         <name>.text</name>
         <load_address>0xa4bc</load_address>
         <run_address>0xa4bc</run_address>
         <size>0x140</size>
         <input_file_ref idref="fl-a"/>
      </object_component>
      <object_component id="oc-242">
         <name>.text</name>
         <load_address>0xa5fc</load_address>
         <run_address>0xa5fc</run_address>
         <size>0x130</size>
         <input_file_ref idref="fl-16d"/>
      </object_component>
      <object_component id="oc-26d">
         <name>.text</name>
         <load_address>0xa72c</load_address>
         <run_address>0xa72c</run_address>
         <size>0x128</size>
         <input_file_ref idref="fl-152"/>
      </object_component>
      <object_component id="oc-23c">
         <name>.text</name>
         <load_address>0xa854</load_address>
         <run_address>0xa854</run_address>
         <size>0x118</size>
         <input_file_ref idref="fl-16a"/>
      </object_component>
      <object_component id="oc-e4">
         <name>.text</name>
         <load_address>0xa96c</load_address>
         <run_address>0xa96c</run_address>
         <size>0x110</size>
         <input_file_ref idref="fl-13"/>
      </object_component>
      <object_component id="oc-1cf">
         <name>.text</name>
         <load_address>0xaa7c</load_address>
         <run_address>0xaa7c</run_address>
         <size>0x10c</size>
         <input_file_ref idref="fl-154"/>
      </object_component>
      <object_component id="oc-3ae">
         <name>.text</name>
         <load_address>0xab88</load_address>
         <run_address>0xab88</run_address>
         <size>0xfc</size>
         <input_file_ref idref="fl-177"/>
      </object_component>
      <object_component id="oc-2d">
         <name>.text:retain</name>
         <load_address>0xac84</load_address>
         <run_address>0xac84</run_address>
         <size>0xec</size>
         <input_file_ref idref="fl-8"/>
      </object_component>
      <object_component id="oc-ac">
         <name>.text</name>
         <load_address>0xad70</load_address>
         <run_address>0xad70</run_address>
         <size>0xe8</size>
         <input_file_ref idref="fl-7"/>
      </object_component>
      <object_component id="oc-268">
         <name>.text:__aeabi_cdcmple</name>
         <load_address>0xae58</load_address>
         <run_address>0xae58</run_address>
         <size>0xe0</size>
         <input_file_ref idref="fl-151"/>
      </object_component>
      <object_component id="oc-272">
         <name>.text:__aeabi_cdrcmple</name>
         <load_address>0xaf38</load_address>
         <run_address>0xaf38</run_address>
         <size>0xe0</size>
         <input_file_ref idref="fl-151"/>
      </object_component>
      <object_component id="oc-322">
         <name>.text</name>
         <load_address>0xb018</load_address>
         <run_address>0xb018</run_address>
         <size>0xb4</size>
         <input_file_ref idref="fl-167"/>
      </object_component>
      <object_component id="oc-66">
         <name>.text</name>
         <load_address>0xb0cc</load_address>
         <run_address>0xb0cc</run_address>
         <size>0xb0</size>
         <input_file_ref idref="fl-148"/>
      </object_component>
      <object_component id="oc-2dc">
         <name>.text</name>
         <load_address>0xb17c</load_address>
         <run_address>0xb17c</run_address>
         <size>0xa8</size>
         <input_file_ref idref="fl-16e"/>
      </object_component>
      <object_component id="oc-89">
         <name>.text</name>
         <load_address>0xb224</load_address>
         <run_address>0xb224</run_address>
         <size>0xa4</size>
         <input_file_ref idref="fl-13d"/>
      </object_component>
      <object_component id="oc-100">
         <name>.text</name>
         <load_address>0xb2c8</load_address>
         <run_address>0xb2c8</run_address>
         <size>0xa4</size>
         <input_file_ref idref="fl-149"/>
      </object_component>
      <object_component id="oc-3bd">
         <name>.text</name>
         <load_address>0xb36c</load_address>
         <run_address>0xb36c</run_address>
         <size>0xa4</size>
         <input_file_ref idref="fl-162"/>
      </object_component>
      <object_component id="oc-59">
         <name>.text</name>
         <load_address>0xb410</load_address>
         <run_address>0xb410</run_address>
         <size>0x9c</size>
         <input_file_ref idref="fl-13f"/>
      </object_component>
      <object_component id="oc-2a5">
         <name>.text</name>
         <load_address>0xb4ac</load_address>
         <run_address>0xb4ac</run_address>
         <size>0x84</size>
         <input_file_ref idref="fl-14e"/>
      </object_component>
      <object_component id="oc-f2">
         <name>.text</name>
         <load_address>0xb530</load_address>
         <run_address>0xb530</run_address>
         <size>0x84</size>
         <input_file_ref idref="fl-141"/>
      </object_component>
      <object_component id="oc-27c">
         <name>.text</name>
         <load_address>0xb5b4</load_address>
         <run_address>0xb5b4</run_address>
         <size>0x80</size>
         <input_file_ref idref="fl-146"/>
      </object_component>
      <object_component id="oc-95">
         <name>.text</name>
         <load_address>0xb634</load_address>
         <run_address>0xb634</run_address>
         <size>0x78</size>
         <input_file_ref idref="fl-142"/>
      </object_component>
      <object_component id="oc-8f">
         <name>.text</name>
         <load_address>0xb6ac</load_address>
         <run_address>0xb6ac</run_address>
         <size>0x74</size>
         <input_file_ref idref="fl-f"/>
      </object_component>
      <object_component id="oc-28d">
         <name>.text</name>
         <load_address>0xb720</load_address>
         <run_address>0xb720</run_address>
         <size>0x68</size>
         <input_file_ref idref="fl-159"/>
      </object_component>
      <object_component id="oc-401">
         <name>.text</name>
         <load_address>0xb788</load_address>
         <run_address>0xb788</run_address>
         <size>0x64</size>
         <input_file_ref idref="fl-172"/>
      </object_component>
      <object_component id="oc-277">
         <name>.text</name>
         <load_address>0xb7ec</load_address>
         <run_address>0xb7ec</run_address>
         <size>0x5c</size>
         <input_file_ref idref="fl-153"/>
      </object_component>
      <object_component id="oc-1c6">
         <name>.text</name>
         <load_address>0xb848</load_address>
         <run_address>0xb848</run_address>
         <size>0x5c</size>
         <input_file_ref idref="fl-145"/>
      </object_component>
      <object_component id="oc-391">
         <name>.text</name>
         <load_address>0xb8a4</load_address>
         <run_address>0xb8a4</run_address>
         <size>0x58</size>
         <input_file_ref idref="fl-16c"/>
      </object_component>
      <object_component id="oc-31a">
         <name>.text</name>
         <load_address>0xb8fc</load_address>
         <run_address>0xb8fc</run_address>
         <size>0x54</size>
         <input_file_ref idref="fl-157"/>
      </object_component>
      <object_component id="oc-263">
         <name>.text</name>
         <load_address>0xb950</load_address>
         <run_address>0xb950</run_address>
         <size>0x50</size>
         <input_file_ref idref="fl-163"/>
      </object_component>
      <object_component id="oc-3df">
         <name>.text</name>
         <load_address>0xb9a0</load_address>
         <run_address>0xb9a0</run_address>
         <size>0x4c</size>
         <input_file_ref idref="fl-170"/>
      </object_component>
      <object_component id="oc-2f5">
         <name>.text</name>
         <load_address>0xb9ec</load_address>
         <run_address>0xb9ec</run_address>
         <size>0x48</size>
         <input_file_ref idref="fl-160"/>
      </object_component>
      <object_component id="oc-330">
         <name>.text</name>
         <load_address>0xba34</load_address>
         <run_address>0xba34</run_address>
         <size>0x44</size>
         <input_file_ref idref="fl-168"/>
      </object_component>
      <object_component id="oc-282">
         <name>.text</name>
         <load_address>0xba78</load_address>
         <run_address>0xba78</run_address>
         <size>0x3c</size>
         <input_file_ref idref="fl-158"/>
      </object_component>
      <object_component id="oc-299">
         <name>.text</name>
         <load_address>0xbab4</load_address>
         <run_address>0xbab4</run_address>
         <size>0x38</size>
         <input_file_ref idref="fl-165"/>
      </object_component>
      <object_component id="oc-1b7">
         <name>.text</name>
         <load_address>0xbaec</load_address>
         <run_address>0xbaec</run_address>
         <size>0x34</size>
         <input_file_ref idref="fl-14a"/>
      </object_component>
      <object_component id="oc-287">
         <name>.text</name>
         <load_address>0xbb20</load_address>
         <run_address>0xbb20</run_address>
         <size>0x30</size>
         <input_file_ref idref="fl-156"/>
      </object_component>
      <object_component id="oc-29f">
         <name>.text</name>
         <load_address>0xbb50</load_address>
         <run_address>0xbb50</run_address>
         <size>0x2c</size>
         <input_file_ref idref="fl-15b"/>
      </object_component>
      <object_component id="oc-256">
         <name>.text</name>
         <load_address>0xbb7c</load_address>
         <run_address>0xbb7c</run_address>
         <size>0x2c</size>
         <input_file_ref idref="fl-15c"/>
      </object_component>
      <object_component id="oc-293">
         <name>.text</name>
         <load_address>0xbba8</load_address>
         <run_address>0xbba8</run_address>
         <size>0x28</size>
         <input_file_ref idref="fl-15d"/>
      </object_component>
      <object_component id="oc-2ef">
         <name>.text</name>
         <load_address>0xbbd0</load_address>
         <run_address>0xbbd0</run_address>
         <size>0x28</size>
         <input_file_ref idref="fl-15e"/>
      </object_component>
      <object_component id="oc-1fd">
         <name>.text</name>
         <load_address>0xbbf8</load_address>
         <run_address>0xbbf8</run_address>
         <size>0x24</size>
         <input_file_ref idref="fl-14c"/>
      </object_component>
      <object_component id="oc-250">
         <name>.text</name>
         <load_address>0xbc1c</load_address>
         <run_address>0xbc1c</run_address>
         <size>0x20</size>
         <input_file_ref idref="fl-15f"/>
      </object_component>
      <object_component id="oc-3c3">
         <name>.text</name>
         <load_address>0xbc3c</load_address>
         <run_address>0xbc3c</run_address>
         <size>0x18</size>
         <input_file_ref idref="fl-173"/>
      </object_component>
      <object_component id="oc-c">
         <name>.text:decompress:none</name>
         <load_address>0xbc54</load_address>
         <run_address>0xbc54</run_address>
         <size>0x14</size>
         <input_file_ref idref="fl-13e"/>
      </object_component>
      <object_component id="oc-18">
         <name>.text:decompress:ZI</name>
         <load_address>0xbc68</load_address>
         <run_address>0xbc68</run_address>
         <size>0x10</size>
         <input_file_ref idref="fl-140"/>
      </object_component>
      <object_component id="oc-12">
         <name>.text:decompress:rle24</name>
         <load_address>0xbc78</load_address>
         <run_address>0xbc78</run_address>
         <size>0x8</size>
         <input_file_ref idref="fl-13f"/>
      </object_component>
      <object_component id="oc-38">
         <name>.text:retain</name>
         <load_address>0xbc80</load_address>
         <run_address>0xbc80</run_address>
         <size>0x4</size>
         <input_file_ref idref="fl-12"/>
      </object_component>
      <object_component id="oc-30f">
         <name>.text</name>
         <load_address>0xbc84</load_address>
         <run_address>0xbc84</run_address>
         <size>0x4</size>
         <input_file_ref idref="fl-16f"/>
      </object_component>
      <object_component id="oc-2a">
         <name>.const:s_vim_init</name>
         <load_address>0xbc88</load_address>
         <run_address>0xbc88</run_address>
         <size>0x180</size>
         <input_file_ref idref="fl-16"/>
      </object_component>
      <object_component id="oc-33e">
         <name>.const:.string:_ctypes_</name>
         <load_address>0xbe08</load_address>
         <run_address>0xbe08</run_address>
         <size>0x101</size>
         <input_file_ref idref="fl-14f"/>
      </object_component>
      <object_component id="oc-1f2">
         <name>.const</name>
         <load_address>0xbf0c</load_address>
         <run_address>0xbf0c</run_address>
         <size>0x18</size>
         <input_file_ref idref="fl-2"/>
      </object_component>
      <object_component id="oc-44f">
         <name>.cinit..data.load</name>
         <load_address>0xbf28</load_address>
         <run_address>0xbf28</run_address>
         <size>0xbd</size>
      </object_component>
      <object_component id="oc-44c">
         <name>__TI_handler_table</name>
         <load_address>0xbfe8</load_address>
         <run_address>0xbfe8</run_address>
         <size>0xc</size>
      </object_component>
      <object_component id="oc-44e">
         <name>.cinit..bss.load</name>
         <load_address>0xbff8</load_address>
         <run_address>0xbff8</run_address>
         <size>0x8</size>
      </object_component>
      <object_component id="oc-44d">
         <name>__TI_cinit_table</name>
         <load_address>0xc000</load_address>
         <run_address>0xc000</run_address>
         <size>0x10</size>
      </object_component>
      <object_component id="oc-4a">
         <name>.sysmem</name>
         <uninitialized>true</uninitialized>
         <run_address>0x8001500</run_address>
         <size>0x8</size>
         <input_file_ref idref="fl-176"/>
      </object_component>
      <object_component id="oc-450">
         <name>.sysmem</name>
         <uninitialized>true</uninitialized>
         <run_address>0x8001500</run_address>
         <size>0x0</size>
      </object_component>
      <object_component id="oc-3ef">
         <name>.bss:__TI_tmpnams</name>
         <uninitialized>true</uninitialized>
         <run_address>0x80021e4</run_address>
         <size>0xa0</size>
         <input_file_ref idref="fl-150"/>
      </object_component>
      <object_component id="oc-3f6">
         <name>.bss:__CIOBUF_</name>
         <uninitialized>true</uninitialized>
         <run_address>0x80020c4</run_address>
         <size>0x120</size>
         <input_file_ref idref="fl-162"/>
      </object_component>
      <object_component id="oc-1cb">
         <name>.common:g_sciTransfer_t</name>
         <uninitialized>true</uninitialized>
         <run_address>0x8002284</run_address>
         <size>0x14</size>
      </object_component>
      <object_component id="oc-3c9">
         <name>.common:parmbuf</name>
         <uninitialized>true</uninitialized>
         <run_address>0x8002298</run_address>
         <size>0x8</size>
      </object_component>
      <object_component id="oc-122">
         <name>.data</name>
         <load_address>0x8002070</load_address>
         <run_address>0x8002070</run_address>
         <size>0x18</size>
         <input_file_ref idref="fl-5"/>
      </object_component>
      <object_component id="oc-20b">
         <name>.data:tx_data</name>
         <load_address>0x8002030</load_address>
         <run_address>0x8002030</run_address>
         <size>0x40</size>
         <input_file_ref idref="fl-5"/>
      </object_component>
      <object_component id="oc-20e">
         <name>.data:rx_data</name>
         <load_address>0x8001ff0</load_address>
         <run_address>0x8001ff0</run_address>
         <size>0x40</size>
         <input_file_ref idref="fl-5"/>
      </object_component>
      <object_component id="oc-11c">
         <name>.data</name>
         <load_address>0x80020ac</load_address>
         <run_address>0x80020ac</run_address>
         <size>0x8</size>
         <input_file_ref idref="fl-142"/>
      </object_component>
      <object_component id="oc-119">
         <name>.data</name>
         <load_address>0x80020a4</load_address>
         <run_address>0x80020a4</run_address>
         <size>0x8</size>
         <input_file_ref idref="fl-14c"/>
      </object_component>
      <object_component id="oc-1e1">
         <name>.data:_ftable</name>
         <load_address>0x8001d00</load_address>
         <run_address>0x8001d00</run_address>
         <size>0xf0</size>
         <input_file_ref idref="fl-150"/>
      </object_component>
      <object_component id="oc-2ea">
         <name>.data</name>
         <load_address>0x8002088</load_address>
         <run_address>0x8002088</run_address>
         <size>0x10</size>
         <input_file_ref idref="fl-150"/>
      </object_component>
      <object_component id="oc-2fb">
         <name>.data</name>
         <load_address>0x8001df0</load_address>
         <run_address>0x8001df0</run_address>
         <size>0xd0</size>
         <input_file_ref idref="fl-15a"/>
      </object_component>
      <object_component id="oc-38c">
         <name>.data</name>
         <load_address>0x8001f70</load_address>
         <run_address>0x8001f70</run_address>
         <size>0x80</size>
         <input_file_ref idref="fl-169"/>
      </object_component>
      <object_component id="oc-397">
         <name>.data</name>
         <load_address>0x80020bc</load_address>
         <run_address>0x80020bc</run_address>
         <size>0x4</size>
         <input_file_ref idref="fl-16b"/>
      </object_component>
      <object_component id="oc-3e5">
         <name>.data</name>
         <load_address>0x80020b4</load_address>
         <run_address>0x80020b4</run_address>
         <size>0x8</size>
         <input_file_ref idref="fl-16c"/>
      </object_component>
      <object_component id="oc-41c">
         <name>.data:sigtable</name>
         <load_address>0x8001ec0</load_address>
         <run_address>0x8001ec0</run_address>
         <size>0xb0</size>
         <input_file_ref idref="fl-172"/>
      </object_component>
      <object_component id="oc-3b4">
         <name>.data</name>
         <load_address>0x80020c0</load_address>
         <run_address>0x80020c0</run_address>
         <size>0x4</size>
         <input_file_ref idref="fl-175"/>
      </object_component>
      <object_component id="oc-3aa">
         <name>.data</name>
         <load_address>0x8002098</load_address>
         <run_address>0x8002098</run_address>
         <size>0xc</size>
         <input_file_ref idref="fl-176"/>
      </object_component>
      <object_component id="oc-157">
         <name>.debug_info</name>
         <load_address>0x0</load_address>
         <run_address>0x0</run_address>
         <size>0x167</size>
         <input_file_ref idref="fl-2"/>
      </object_component>
      <object_component id="oc-1f3">
         <name>.debug_info</name>
         <load_address>0x167</load_address>
         <run_address>0x167</run_address>
         <size>0x105</size>
         <input_file_ref idref="fl-2"/>
      </object_component>
      <object_component id="oc-10d">
         <name>.debug_info</name>
         <load_address>0x26c</load_address>
         <run_address>0x26c</run_address>
         <size>0xb13</size>
         <input_file_ref idref="fl-2"/>
      </object_component>
      <object_component id="oc-168">
         <name>.debug_info</name>
         <load_address>0xd7f</load_address>
         <run_address>0xd7f</run_address>
         <size>0x791</size>
         <input_file_ref idref="fl-2"/>
      </object_component>
      <object_component id="oc-a3">
         <name>.debug_info</name>
         <load_address>0x1510</load_address>
         <run_address>0x1510</run_address>
         <size>0x157</size>
         <input_file_ref idref="fl-2"/>
      </object_component>
      <object_component id="oc-12c">
         <name>.debug_info</name>
         <load_address>0x1667</load_address>
         <run_address>0x1667</run_address>
         <size>0x8b</size>
         <input_file_ref idref="fl-2"/>
      </object_component>
      <object_component id="oc-b4">
         <name>.debug_info</name>
         <load_address>0x16f2</load_address>
         <run_address>0x16f2</run_address>
         <size>0x18c</size>
         <input_file_ref idref="fl-2"/>
      </object_component>
      <object_component id="oc-127">
         <name>.debug_info</name>
         <load_address>0x187e</load_address>
         <run_address>0x187e</run_address>
         <size>0x18b</size>
         <input_file_ref idref="fl-2"/>
      </object_component>
      <object_component id="oc-b9">
         <name>.debug_info</name>
         <load_address>0x1a09</load_address>
         <run_address>0x1a09</run_address>
         <size>0x86</size>
         <input_file_ref idref="fl-2"/>
      </object_component>
      <object_component id="oc-1e6">
         <name>.debug_info</name>
         <load_address>0x1a8f</load_address>
         <run_address>0x1a8f</run_address>
         <size>0x4e</size>
         <input_file_ref idref="fl-2"/>
      </object_component>
      <object_component id="oc-1f7">
         <name>.debug_info</name>
         <load_address>0x1add</load_address>
         <run_address>0x1add</run_address>
         <size>0x273</size>
         <input_file_ref idref="fl-2"/>
      </object_component>
      <object_component id="oc-14c">
         <name>.debug_info</name>
         <load_address>0x1d50</load_address>
         <run_address>0x1d50</run_address>
         <size>0x2cf</size>
         <input_file_ref idref="fl-2"/>
      </object_component>
      <object_component id="oc-1fc">
         <name>.debug_info</name>
         <load_address>0x201f</load_address>
         <run_address>0x201f</run_address>
         <size>0x1b9</size>
         <input_file_ref idref="fl-3"/>
      </object_component>
      <object_component id="oc-113">
         <name>.debug_info</name>
         <load_address>0x21d8</load_address>
         <run_address>0x21d8</run_address>
         <size>0x5a5</size>
         <input_file_ref idref="fl-3"/>
      </object_component>
      <object_component id="oc-1ec">
         <name>.debug_info</name>
         <load_address>0x277d</load_address>
         <run_address>0x277d</run_address>
         <size>0x21a</size>
         <input_file_ref idref="fl-4"/>
      </object_component>
      <object_component id="oc-107">
         <name>.debug_info</name>
         <load_address>0x2997</load_address>
         <run_address>0x2997</run_address>
         <size>0x1463</size>
         <input_file_ref idref="fl-4"/>
      </object_component>
      <object_component id="oc-25">
         <name>.debug_info</name>
         <load_address>0x3dfa</load_address>
         <run_address>0x3dfa</run_address>
         <size>0x2aa</size>
         <input_file_ref idref="fl-4"/>
      </object_component>
      <object_component id="oc-177">
         <name>.debug_info</name>
         <load_address>0x40a4</load_address>
         <run_address>0x40a4</run_address>
         <size>0x437</size>
         <input_file_ref idref="fl-4"/>
      </object_component>
      <object_component id="oc-1ed">
         <name>.debug_info</name>
         <load_address>0x44db</load_address>
         <run_address>0x44db</run_address>
         <size>0x15f</size>
         <input_file_ref idref="fl-4"/>
      </object_component>
      <object_component id="oc-213">
         <name>.debug_info</name>
         <load_address>0x463a</load_address>
         <run_address>0x463a</run_address>
         <size>0x25f</size>
         <input_file_ref idref="fl-5"/>
      </object_component>
      <object_component id="oc-123">
         <name>.debug_info</name>
         <load_address>0x4899</load_address>
         <run_address>0x4899</run_address>
         <size>0x160</size>
         <input_file_ref idref="fl-5"/>
      </object_component>
      <object_component id="oc-20c">
         <name>.debug_info</name>
         <load_address>0x49f9</load_address>
         <run_address>0x49f9</run_address>
         <size>0xdb</size>
         <input_file_ref idref="fl-5"/>
      </object_component>
      <object_component id="oc-20f">
         <name>.debug_info</name>
         <load_address>0x4ad4</load_address>
         <run_address>0x4ad4</run_address>
         <size>0xdb</size>
         <input_file_ref idref="fl-5"/>
      </object_component>
      <object_component id="oc-13d">
         <name>.debug_info</name>
         <load_address>0x4baf</load_address>
         <run_address>0x4baf</run_address>
         <size>0x1f9</size>
         <input_file_ref idref="fl-5"/>
      </object_component>
      <object_component id="oc-216">
         <name>.debug_info</name>
         <load_address>0x4da8</load_address>
         <run_address>0x4da8</run_address>
         <size>0x243</size>
         <input_file_ref idref="fl-5"/>
      </object_component>
      <object_component id="oc-237">
         <name>.debug_info</name>
         <load_address>0x4feb</load_address>
         <run_address>0x4feb</run_address>
         <size>0x18e</size>
         <input_file_ref idref="fl-5"/>
      </object_component>
      <object_component id="oc-cb">
         <name>.debug_info</name>
         <load_address>0x5179</load_address>
         <run_address>0x5179</run_address>
         <size>0x84</size>
         <input_file_ref idref="fl-6"/>
      </object_component>
      <object_component id="oc-ad">
         <name>.debug_info</name>
         <load_address>0x51fd</load_address>
         <run_address>0x51fd</run_address>
         <size>0xfe</size>
         <input_file_ref idref="fl-7"/>
      </object_component>
      <object_component id="oc-f1">
         <name>.debug_info</name>
         <load_address>0x52fb</load_address>
         <run_address>0x52fb</run_address>
         <size>0x16e</size>
         <input_file_ref idref="fl-8"/>
      </object_component>
      <object_component id="oc-84">
         <name>.debug_info</name>
         <load_address>0x5469</load_address>
         <run_address>0x5469</run_address>
         <size>0xb23</size>
         <input_file_ref idref="fl-8"/>
      </object_component>
      <object_component id="oc-2e">
         <name>.debug_info</name>
         <load_address>0x5f8c</load_address>
         <run_address>0x5f8c</run_address>
         <size>0x183</size>
         <input_file_ref idref="fl-8"/>
      </object_component>
      <object_component id="oc-133">
         <name>.debug_info</name>
         <load_address>0x610f</load_address>
         <run_address>0x610f</run_address>
         <size>0x1de</size>
         <input_file_ref idref="fl-8"/>
      </object_component>
      <object_component id="oc-ec">
         <name>.debug_info</name>
         <load_address>0x62ed</load_address>
         <run_address>0x62ed</run_address>
         <size>0x129</size>
         <input_file_ref idref="fl-8"/>
      </object_component>
      <object_component id="oc-126">
         <name>.debug_info</name>
         <load_address>0x6416</load_address>
         <run_address>0x6416</run_address>
         <size>0x363</size>
         <input_file_ref idref="fl-a"/>
      </object_component>
      <object_component id="oc-9d">
         <name>.debug_info</name>
         <load_address>0x6779</load_address>
         <run_address>0x6779</run_address>
         <size>0x9be</size>
         <input_file_ref idref="fl-a"/>
      </object_component>
      <object_component id="oc-16d">
         <name>.debug_info</name>
         <load_address>0x7137</load_address>
         <run_address>0x7137</run_address>
         <size>0x4de</size>
         <input_file_ref idref="fl-a"/>
      </object_component>
      <object_component id="oc-172">
         <name>.debug_info</name>
         <load_address>0x7615</load_address>
         <run_address>0x7615</run_address>
         <size>0x3ce</size>
         <input_file_ref idref="fl-a"/>
      </object_component>
      <object_component id="oc-d3">
         <name>.debug_info</name>
         <load_address>0x79e3</load_address>
         <run_address>0x79e3</run_address>
         <size>0x2c</size>
         <input_file_ref idref="fl-a"/>
      </object_component>
      <object_component id="oc-1a2">
         <name>.debug_info</name>
         <load_address>0x7a0f</load_address>
         <run_address>0x7a0f</run_address>
         <size>0x37b</size>
         <input_file_ref idref="fl-a"/>
      </object_component>
      <object_component id="oc-17c">
         <name>.debug_info</name>
         <load_address>0x7d8a</load_address>
         <run_address>0x7d8a</run_address>
         <size>0x1ca</size>
         <input_file_ref idref="fl-a"/>
      </object_component>
      <object_component id="oc-138">
         <name>.debug_info</name>
         <load_address>0x7f54</load_address>
         <run_address>0x7f54</run_address>
         <size>0x435</size>
         <input_file_ref idref="fl-a"/>
      </object_component>
      <object_component id="oc-195">
         <name>.debug_info</name>
         <load_address>0x8389</load_address>
         <run_address>0x8389</run_address>
         <size>0x510</size>
         <input_file_ref idref="fl-a"/>
      </object_component>
      <object_component id="oc-181">
         <name>.debug_info</name>
         <load_address>0x8899</load_address>
         <run_address>0x8899</run_address>
         <size>0x3d3</size>
         <input_file_ref idref="fl-a"/>
      </object_component>
      <object_component id="oc-18b">
         <name>.debug_info</name>
         <load_address>0x8c6c</load_address>
         <run_address>0x8c6c</run_address>
         <size>0x1de</size>
         <input_file_ref idref="fl-a"/>
      </object_component>
      <object_component id="oc-19a">
         <name>.debug_info</name>
         <load_address>0x8e4a</load_address>
         <run_address>0x8e4a</run_address>
         <size>0x17a</size>
         <input_file_ref idref="fl-a"/>
      </object_component>
      <object_component id="oc-142">
         <name>.debug_info</name>
         <load_address>0x8fc4</load_address>
         <run_address>0x8fc4</run_address>
         <size>0x642</size>
         <input_file_ref idref="fl-a"/>
      </object_component>
      <object_component id="oc-147">
         <name>.debug_info</name>
         <load_address>0x9606</load_address>
         <run_address>0x9606</run_address>
         <size>0x13e</size>
         <input_file_ref idref="fl-a"/>
      </object_component>
      <object_component id="oc-165">
         <name>.debug_info</name>
         <load_address>0x9744</load_address>
         <run_address>0x9744</run_address>
         <size>0xd8</size>
         <input_file_ref idref="fl-b"/>
      </object_component>
      <object_component id="oc-dd">
         <name>.debug_info</name>
         <load_address>0x981c</load_address>
         <run_address>0x981c</run_address>
         <size>0x1dd</size>
         <input_file_ref idref="fl-b"/>
      </object_component>
      <object_component id="oc-186">
         <name>.debug_info</name>
         <load_address>0x99f9</load_address>
         <run_address>0x99f9</run_address>
         <size>0x1d8</size>
         <input_file_ref idref="fl-b"/>
      </object_component>
      <object_component id="oc-21f">
         <name>.debug_info</name>
         <load_address>0x9bd1</load_address>
         <run_address>0x9bd1</run_address>
         <size>0xc6</size>
         <input_file_ref idref="fl-b"/>
      </object_component>
      <object_component id="oc-1cc">
         <name>.debug_info</name>
         <load_address>0x9c97</load_address>
         <run_address>0x9c97</run_address>
         <size>0x13d</size>
         <input_file_ref idref="fl-c"/>
      </object_component>
      <object_component id="oc-fb">
         <name>.debug_info</name>
         <load_address>0x9dd4</load_address>
         <run_address>0x9dd4</run_address>
         <size>0xb0d</size>
         <input_file_ref idref="fl-c"/>
      </object_component>
      <object_component id="oc-232">
         <name>.debug_info</name>
         <load_address>0xa8e1</load_address>
         <run_address>0xa8e1</run_address>
         <size>0x9f</size>
         <input_file_ref idref="fl-c"/>
      </object_component>
      <object_component id="oc-73">
         <name>.debug_info</name>
         <load_address>0xa980</load_address>
         <run_address>0xa980</run_address>
         <size>0x77f</size>
         <input_file_ref idref="fl-d"/>
      </object_component>
      <object_component id="oc-34">
         <name>.debug_info</name>
         <load_address>0xb0ff</load_address>
         <run_address>0xb0ff</run_address>
         <size>0x106</size>
         <input_file_ref idref="fl-e"/>
      </object_component>
      <object_component id="oc-90">
         <name>.debug_info</name>
         <load_address>0xb205</load_address>
         <run_address>0xb205</run_address>
         <size>0x1cb</size>
         <input_file_ref idref="fl-f"/>
      </object_component>
      <object_component id="oc-224">
         <name>.debug_info</name>
         <load_address>0xb3d0</load_address>
         <run_address>0xb3d0</run_address>
         <size>0xf7</size>
         <input_file_ref idref="fl-11"/>
      </object_component>
      <object_component id="oc-2d7">
         <name>.debug_info</name>
         <load_address>0xb4c7</load_address>
         <run_address>0xb4c7</run_address>
         <size>0x242</size>
         <input_file_ref idref="fl-11"/>
      </object_component>
      <object_component id="oc-190">
         <name>.debug_info</name>
         <load_address>0xb709</load_address>
         <run_address>0xb709</run_address>
         <size>0x2af</size>
         <input_file_ref idref="fl-11"/>
      </object_component>
      <object_component id="oc-39">
         <name>.debug_info</name>
         <load_address>0xb9b8</load_address>
         <run_address>0xb9b8</run_address>
         <size>0x134</size>
         <input_file_ref idref="fl-12"/>
      </object_component>
      <object_component id="oc-e5">
         <name>.debug_info</name>
         <load_address>0xbaec</load_address>
         <run_address>0xbaec</run_address>
         <size>0x366</size>
         <input_file_ref idref="fl-13"/>
      </object_component>
      <object_component id="oc-ea">
         <name>.debug_info</name>
         <load_address>0xbe52</load_address>
         <run_address>0xbe52</run_address>
         <size>0x4b9</size>
         <input_file_ref idref="fl-14"/>
      </object_component>
      <object_component id="oc-7e">
         <name>.debug_info</name>
         <load_address>0xc30b</load_address>
         <run_address>0xc30b</run_address>
         <size>0x27f9</size>
         <input_file_ref idref="fl-14"/>
      </object_component>
      <object_component id="oc-1f">
         <name>.debug_info</name>
         <load_address>0xeb04</load_address>
         <run_address>0xeb04</run_address>
         <size>0x4e5</size>
         <input_file_ref idref="fl-15"/>
      </object_component>
      <object_component id="oc-aa">
         <name>.debug_info</name>
         <load_address>0xefe9</load_address>
         <run_address>0xefe9</run_address>
         <size>0x2fd</size>
         <input_file_ref idref="fl-16"/>
      </object_component>
      <object_component id="oc-2b">
         <name>.debug_info</name>
         <load_address>0xf2e6</load_address>
         <run_address>0xf2e6</run_address>
         <size>0xdc</size>
         <input_file_ref idref="fl-16"/>
      </object_component>
      <object_component id="oc-40">
         <name>.debug_info</name>
         <load_address>0xf3c2</load_address>
         <run_address>0xf3c2</run_address>
         <size>0x46e</size>
         <input_file_ref idref="fl-16"/>
      </object_component>
      <object_component id="oc-45">
         <name>.debug_info</name>
         <load_address>0xf830</load_address>
         <run_address>0xf830</run_address>
         <size>0x1f7</size>
         <input_file_ref idref="fl-16"/>
      </object_component>
      <object_component id="oc-151">
         <name>.debug_info</name>
         <load_address>0xfa27</load_address>
         <run_address>0xfa27</run_address>
         <size>0x5d</size>
         <input_file_ref idref="fl-16"/>
      </object_component>
      <object_component id="oc-e3">
         <name>.debug_info</name>
         <load_address>0xfa84</load_address>
         <run_address>0xfa84</run_address>
         <size>0x365</size>
         <input_file_ref idref="fl-17"/>
      </object_component>
      <object_component id="oc-78">
         <name>.debug_info</name>
         <load_address>0xfde9</load_address>
         <run_address>0xfde9</run_address>
         <size>0x72d</size>
         <input_file_ref idref="fl-17"/>
      </object_component>
      <object_component id="oc-f9">
         <name>.debug_info</name>
         <load_address>0x10516</load_address>
         <run_address>0x10516</run_address>
         <size>0x299</size>
         <input_file_ref idref="fl-13d"/>
      </object_component>
      <object_component id="oc-8a">
         <name>.debug_info</name>
         <load_address>0x107af</load_address>
         <run_address>0x107af</run_address>
         <size>0x153</size>
         <input_file_ref idref="fl-13d"/>
      </object_component>
      <object_component id="oc-1ad">
         <name>.debug_info</name>
         <load_address>0x10902</load_address>
         <run_address>0x10902</run_address>
         <size>0x39</size>
         <input_file_ref idref="fl-13d"/>
      </object_component>
      <object_component id="oc-1b2">
         <name>.debug_info</name>
         <load_address>0x1093b</load_address>
         <run_address>0x1093b</run_address>
         <size>0xcd</size>
         <input_file_ref idref="fl-13d"/>
      </object_component>
      <object_component id="oc-58">
         <name>.debug_info</name>
         <load_address>0x10a08</load_address>
         <run_address>0x10a08</run_address>
         <size>0x117</size>
         <input_file_ref idref="fl-13e"/>
      </object_component>
      <object_component id="oc-d">
         <name>.debug_info</name>
         <load_address>0x10b1f</load_address>
         <run_address>0x10b1f</run_address>
         <size>0x1a6</size>
         <input_file_ref idref="fl-13e"/>
      </object_component>
      <object_component id="oc-53">
         <name>.debug_info</name>
         <load_address>0x10cc5</load_address>
         <run_address>0x10cc5</run_address>
         <size>0x46</size>
         <input_file_ref idref="fl-13e"/>
      </object_component>
      <object_component id="oc-c4">
         <name>.debug_info</name>
         <load_address>0x10d0b</load_address>
         <run_address>0x10d0b</run_address>
         <size>0x2c</size>
         <input_file_ref idref="fl-13e"/>
      </object_component>
      <object_component id="oc-60">
         <name>.debug_info</name>
         <load_address>0x10d37</load_address>
         <run_address>0x10d37</run_address>
         <size>0x110</size>
         <input_file_ref idref="fl-13f"/>
      </object_component>
      <object_component id="oc-5a">
         <name>.debug_info</name>
         <load_address>0x10e47</load_address>
         <run_address>0x10e47</run_address>
         <size>0x223</size>
         <input_file_ref idref="fl-13f"/>
      </object_component>
      <object_component id="oc-13">
         <name>.debug_info</name>
         <load_address>0x1106a</load_address>
         <run_address>0x1106a</run_address>
         <size>0x18d</size>
         <input_file_ref idref="fl-13f"/>
      </object_component>
      <object_component id="oc-61">
         <name>.debug_info</name>
         <load_address>0x111f7</load_address>
         <run_address>0x111f7</run_address>
         <size>0x39</size>
         <input_file_ref idref="fl-13f"/>
      </object_component>
      <object_component id="oc-71">
         <name>.debug_info</name>
         <load_address>0x11230</load_address>
         <run_address>0x11230</run_address>
         <size>0x106</size>
         <input_file_ref idref="fl-140"/>
      </object_component>
      <object_component id="oc-19">
         <name>.debug_info</name>
         <load_address>0x11336</load_address>
         <run_address>0x11336</run_address>
         <size>0x171</size>
         <input_file_ref idref="fl-140"/>
      </object_component>
      <object_component id="oc-6c">
         <name>.debug_info</name>
         <load_address>0x114a7</load_address>
         <run_address>0x114a7</run_address>
         <size>0x46</size>
         <input_file_ref idref="fl-140"/>
      </object_component>
      <object_component id="oc-1aa">
         <name>.debug_info</name>
         <load_address>0x114ed</load_address>
         <run_address>0x114ed</run_address>
         <size>0x1bc</size>
         <input_file_ref idref="fl-141"/>
      </object_component>
      <object_component id="oc-f3">
         <name>.debug_info</name>
         <load_address>0x116a9</load_address>
         <run_address>0x116a9</run_address>
         <size>0x15f</size>
         <input_file_ref idref="fl-141"/>
      </object_component>
      <object_component id="oc-227">
         <name>.debug_info</name>
         <load_address>0x11808</load_address>
         <run_address>0x11808</run_address>
         <size>0x2c</size>
         <input_file_ref idref="fl-141"/>
      </object_component>
      <object_component id="oc-120">
         <name>.debug_info</name>
         <load_address>0x11834</load_address>
         <run_address>0x11834</run_address>
         <size>0x16d</size>
         <input_file_ref idref="fl-142"/>
      </object_component>
      <object_component id="oc-11d">
         <name>.debug_info</name>
         <load_address>0x119a1</load_address>
         <run_address>0x119a1</run_address>
         <size>0x112</size>
         <input_file_ref idref="fl-142"/>
      </object_component>
      <object_component id="oc-96">
         <name>.debug_info</name>
         <load_address>0x11ab3</load_address>
         <run_address>0x11ab3</run_address>
         <size>0x1e9</size>
         <input_file_ref idref="fl-142"/>
      </object_component>
      <object_component id="oc-1c2">
         <name>.debug_info</name>
         <load_address>0x11c9c</load_address>
         <run_address>0x11c9c</run_address>
         <size>0x13b</size>
         <input_file_ref idref="fl-143"/>
      </object_component>
      <object_component id="oc-1bd">
         <name>.debug_info</name>
         <load_address>0x11dd7</load_address>
         <run_address>0x11dd7</run_address>
         <size>0x120</size>
         <input_file_ref idref="fl-144"/>
      </object_component>
      <object_component id="oc-1c7">
         <name>.debug_info</name>
         <load_address>0x11ef7</load_address>
         <run_address>0x11ef7</run_address>
         <size>0x119</size>
         <input_file_ref idref="fl-145"/>
      </object_component>
      <object_component id="oc-320">
         <name>.debug_info</name>
         <load_address>0x12010</load_address>
         <run_address>0x12010</run_address>
         <size>0x128</size>
         <input_file_ref idref="fl-146"/>
      </object_component>
      <object_component id="oc-27d">
         <name>.debug_info</name>
         <load_address>0x12138</load_address>
         <run_address>0x12138</run_address>
         <size>0x1b6</size>
         <input_file_ref idref="fl-146"/>
      </object_component>
      <object_component id="oc-4f">
         <name>.debug_info</name>
         <load_address>0x122ee</load_address>
         <run_address>0x122ee</run_address>
         <size>0x15c</size>
         <input_file_ref idref="fl-147"/>
      </object_component>
      <object_component id="oc-67">
         <name>.debug_info</name>
         <load_address>0x1244a</load_address>
         <run_address>0x1244a</run_address>
         <size>0x124</size>
         <input_file_ref idref="fl-148"/>
      </object_component>
      <object_component id="oc-1e5">
         <name>.debug_info</name>
         <load_address>0x1256e</load_address>
         <run_address>0x1256e</run_address>
         <size>0x208</size>
         <input_file_ref idref="fl-149"/>
      </object_component>
      <object_component id="oc-101">
         <name>.debug_info</name>
         <load_address>0x12776</load_address>
         <run_address>0x12776</run_address>
         <size>0x260</size>
         <input_file_ref idref="fl-149"/>
      </object_component>
      <object_component id="oc-2c1">
         <name>.debug_info</name>
         <load_address>0x129d6</load_address>
         <run_address>0x129d6</run_address>
         <size>0xae</size>
         <input_file_ref idref="fl-149"/>
      </object_component>
      <object_component id="oc-1b8">
         <name>.debug_info</name>
         <load_address>0x12a84</load_address>
         <run_address>0x12a84</run_address>
         <size>0x105</size>
         <input_file_ref idref="fl-14a"/>
      </object_component>
      <object_component id="oc-2b2">
         <name>.debug_info</name>
         <load_address>0x12b89</load_address>
         <run_address>0x12b89</run_address>
         <size>0x2c</size>
         <input_file_ref idref="fl-14b"/>
      </object_component>
      <object_component id="oc-205">
         <name>.debug_info</name>
         <load_address>0x12bb5</load_address>
         <run_address>0x12bb5</run_address>
         <size>0x100</size>
         <input_file_ref idref="fl-14c"/>
      </object_component>
      <object_component id="oc-11a">
         <name>.debug_info</name>
         <load_address>0x12cb5</load_address>
         <run_address>0x12cb5</run_address>
         <size>0xef</size>
         <input_file_ref idref="fl-14c"/>
      </object_component>
      <object_component id="oc-1fe">
         <name>.debug_info</name>
         <load_address>0x12da4</load_address>
         <run_address>0x12da4</run_address>
         <size>0x1fb</size>
         <input_file_ref idref="fl-14c"/>
      </object_component>
      <object_component id="oc-2ac">
         <name>.debug_info</name>
         <load_address>0x12f9f</load_address>
         <run_address>0x12f9f</run_address>
         <size>0x333</size>
         <input_file_ref idref="fl-14d"/>
      </object_component>
      <object_component id="oc-1dc">
         <name>.debug_info</name>
         <load_address>0x132d2</load_address>
         <run_address>0x132d2</run_address>
         <size>0x17f8</size>
         <input_file_ref idref="fl-14d"/>
      </object_component>
      <object_component id="oc-2ad">
         <name>.debug_info</name>
         <load_address>0x14aca</load_address>
         <run_address>0x14aca</run_address>
         <size>0x86</size>
         <input_file_ref idref="fl-14d"/>
      </object_component>
      <object_component id="oc-345">
         <name>.debug_info</name>
         <load_address>0x14b50</load_address>
         <run_address>0x14b50</run_address>
         <size>0x46</size>
         <input_file_ref idref="fl-14d"/>
      </object_component>
      <object_component id="oc-2b7">
         <name>.debug_info</name>
         <load_address>0x14b96</load_address>
         <run_address>0x14b96</run_address>
         <size>0x39</size>
         <input_file_ref idref="fl-14d"/>
      </object_component>
      <object_component id="oc-342">
         <name>.debug_info</name>
         <load_address>0x14bcf</load_address>
         <run_address>0x14bcf</run_address>
         <size>0xf0</size>
         <input_file_ref idref="fl-14e"/>
      </object_component>
      <object_component id="oc-2a9">
         <name>.debug_info</name>
         <load_address>0x14cbf</load_address>
         <run_address>0x14cbf</run_address>
         <size>0x14d</size>
         <input_file_ref idref="fl-14e"/>
      </object_component>
      <object_component id="oc-3a5">
         <name>.debug_info</name>
         <load_address>0x14e0c</load_address>
         <run_address>0x14e0c</run_address>
         <size>0xca</size>
         <input_file_ref idref="fl-14f"/>
      </object_component>
      <object_component id="oc-33f">
         <name>.debug_info</name>
         <load_address>0x14ed6</load_address>
         <run_address>0x14ed6</run_address>
         <size>0xd6</size>
         <input_file_ref idref="fl-14f"/>
      </object_component>
      <object_component id="oc-2be">
         <name>.debug_info</name>
         <load_address>0x14fac</load_address>
         <run_address>0x14fac</run_address>
         <size>0xec</size>
         <input_file_ref idref="fl-150"/>
      </object_component>
      <object_component id="oc-1e2">
         <name>.debug_info</name>
         <load_address>0x15098</load_address>
         <run_address>0x15098</run_address>
         <size>0xd3</size>
         <input_file_ref idref="fl-150"/>
      </object_component>
      <object_component id="oc-3f0">
         <name>.debug_info</name>
         <load_address>0x1516b</load_address>
         <run_address>0x1516b</run_address>
         <size>0xdd</size>
         <input_file_ref idref="fl-150"/>
      </object_component>
      <object_component id="oc-2eb">
         <name>.debug_info</name>
         <load_address>0x15248</load_address>
         <run_address>0x15248</run_address>
         <size>0x160</size>
         <input_file_ref idref="fl-150"/>
      </object_component>
      <object_component id="oc-269">
         <name>.debug_info</name>
         <load_address>0x153a8</load_address>
         <run_address>0x153a8</run_address>
         <size>0x102</size>
         <input_file_ref idref="fl-151"/>
      </object_component>
      <object_component id="oc-273">
         <name>.debug_info</name>
         <load_address>0x154aa</load_address>
         <run_address>0x154aa</run_address>
         <size>0x104</size>
         <input_file_ref idref="fl-151"/>
      </object_component>
      <object_component id="oc-26e">
         <name>.debug_info</name>
         <load_address>0x155ae</load_address>
         <run_address>0x155ae</run_address>
         <size>0x120</size>
         <input_file_ref idref="fl-152"/>
      </object_component>
      <object_component id="oc-278">
         <name>.debug_info</name>
         <load_address>0x156ce</load_address>
         <run_address>0x156ce</run_address>
         <size>0x10e</size>
         <input_file_ref idref="fl-153"/>
      </object_component>
      <object_component id="oc-24f">
         <name>.debug_info</name>
         <load_address>0x157dc</load_address>
         <run_address>0x157dc</run_address>
         <size>0x1ba</size>
         <input_file_ref idref="fl-154"/>
      </object_component>
      <object_component id="oc-1d0">
         <name>.debug_info</name>
         <load_address>0x15996</load_address>
         <run_address>0x15996</run_address>
         <size>0x222</size>
         <input_file_ref idref="fl-154"/>
      </object_component>
      <object_component id="oc-25d">
         <name>.debug_info</name>
         <load_address>0x15bb8</load_address>
         <run_address>0x15bb8</run_address>
         <size>0x27e</size>
         <input_file_ref idref="fl-155"/>
      </object_component>
      <object_component id="oc-1d6">
         <name>.debug_info</name>
         <load_address>0x15e36</load_address>
         <run_address>0x15e36</run_address>
         <size>0x32e</size>
         <input_file_ref idref="fl-155"/>
      </object_component>
      <object_component id="oc-329">
         <name>.debug_info</name>
         <load_address>0x16164</load_address>
         <run_address>0x16164</run_address>
         <size>0xf9</size>
         <input_file_ref idref="fl-156"/>
      </object_component>
      <object_component id="oc-288">
         <name>.debug_info</name>
         <load_address>0x1625d</load_address>
         <run_address>0x1625d</run_address>
         <size>0x168</size>
         <input_file_ref idref="fl-156"/>
      </object_component>
      <object_component id="oc-31b">
         <name>.debug_info</name>
         <load_address>0x163c5</load_address>
         <run_address>0x163c5</run_address>
         <size>0x127</size>
         <input_file_ref idref="fl-157"/>
      </object_component>
      <object_component id="oc-283">
         <name>.debug_info</name>
         <load_address>0x164ec</load_address>
         <run_address>0x164ec</run_address>
         <size>0x103</size>
         <input_file_ref idref="fl-158"/>
      </object_component>
      <object_component id="oc-337">
         <name>.debug_info</name>
         <load_address>0x165ef</load_address>
         <run_address>0x165ef</run_address>
         <size>0x13d</size>
         <input_file_ref idref="fl-159"/>
      </object_component>
      <object_component id="oc-28e">
         <name>.debug_info</name>
         <load_address>0x1672c</load_address>
         <run_address>0x1672c</run_address>
         <size>0x15f</size>
         <input_file_ref idref="fl-159"/>
      </object_component>
      <object_component id="oc-2ff">
         <name>.debug_info</name>
         <load_address>0x1688b</load_address>
         <run_address>0x1688b</run_address>
         <size>0x47c</size>
         <input_file_ref idref="fl-15a"/>
      </object_component>
      <object_component id="oc-2fc">
         <name>.debug_info</name>
         <load_address>0x16d07</load_address>
         <run_address>0x16d07</run_address>
         <size>0xf2</size>
         <input_file_ref idref="fl-15a"/>
      </object_component>
      <object_component id="oc-249">
         <name>.debug_info</name>
         <load_address>0x16df9</load_address>
         <run_address>0x16df9</run_address>
         <size>0xae7</size>
         <input_file_ref idref="fl-15a"/>
      </object_component>
      <object_component id="oc-375">
         <name>.debug_info</name>
         <load_address>0x178e0</load_address>
         <run_address>0x178e0</run_address>
         <size>0x120</size>
         <input_file_ref idref="fl-15a"/>
      </object_component>
      <object_component id="oc-301">
         <name>.debug_info</name>
         <load_address>0x17a00</load_address>
         <run_address>0x17a00</run_address>
         <size>0x2c</size>
[...]
      </symbol>
      <symbol id="sm-6bf">
         <name>__TI_zero_init</name>
         <value>0xbc68</value>
         <object_component_ref idref="oc-18"/>
      </symbol>
      <symbol id="sm-6d9">
         <name>copy_in</name>
         <value>0xb530</value>
         <object_component_ref idref="oc-f2"/>
      </symbol>
      <symbol id="sm-6f9">
         <name>C$$EXIT</name>
         <value>0xb634</value>
         <object_component_ref idref="oc-95"/>
      </symbol>
      <symbol id="sm-6fa">
         <name>abort</name>
         <value>0xb63c</value>
         <object_component_ref idref="oc-95"/>
      </symbol>
      <symbol id="sm-6fb">
         <name>exit</name>
         <value>0xb648</value>
         <object_component_ref idref="oc-95"/>
      </symbol>
      <symbol id="sm-6fc">
         <name>__TI_dtors_ptr</name>
         <value>0x80020b0</value>
         <object_component_ref idref="oc-11c"/>
      </symbol>
      <symbol id="sm-6fd">
         <name>__TI_cleanup_ptr</name>
         <value>0x80020ac</value>
         <object_component_ref idref="oc-11c"/>
      </symbol>
      <symbol id="sm-721">
         <name>__aeabi_dsub</name>
         <value>0x945c</value>
         <object_component_ref idref="oc-1c1"/>
      </symbol>
      <symbol id="sm-722">
         <name>__aeabi_dadd</name>
         <value>0x9468</value>
         <object_component_ref idref="oc-1c1"/>
      </symbol>
      <symbol id="sm-742">
         <name>__aeabi_ddiv</name>
         <value>0x9da4</value>
         <object_component_ref idref="oc-1bc"/>
      </symbol>
      <symbol id="sm-74f">
         <name>__aeabi_d2uiz</name>
         <value>0xb848</value>
         <object_component_ref idref="oc-1c6"/>
      </symbol>
      <symbol id="sm-75d">
         <name>ltoa</name>
         <value>0xb5b4</value>
         <object_component_ref idref="oc-27c"/>
      </symbol>
      <symbol id="sm-776">
         <name>memcpy</name>
         <value>0x9f34</value>
         <object_component_ref idref="oc-4d"/>
      </symbol>
      <symbol id="sm-777">
         <name>__aeabi_memcpy</name>
         <value>0x9f34</value>
         <object_component_ref idref="oc-4d"/>
      </symbol>
      <symbol id="sm-778">
         <name>__aeabi_memcpy8</name>
         <value>0x9f34</value>
         <object_component_ref idref="oc-4d"/>
      </symbol>
      <symbol id="sm-779">
         <name>__aeabi_memcpy4</name>
         <value>0x9f34</value>
         <object_component_ref idref="oc-4d"/>
      </symbol>
      <symbol id="sm-788">
         <name>__aeabi_memset</name>
         <value>0xb0d0</value>
         <object_component_ref idref="oc-66"/>
      </symbol>
      <symbol id="sm-789">
         <name>memset</name>
         <value>0xb0dc</value>
         <object_component_ref idref="oc-66"/>
      </symbol>
      <symbol id="sm-78a">
         <name>__aeabi_memset8</name>
         <value>0xb0d0</value>
         <object_component_ref idref="oc-66"/>
      </symbol>
      <symbol id="sm-78b">
         <name>__aeabi_memset4</name>
         <value>0xb0d0</value>
         <object_component_ref idref="oc-66"/>
      </symbol>
      <symbol id="sm-78c">
         <name>__aeabi_memclr8</name>
         <value>0xb0cc</value>
         <object_component_ref idref="oc-66"/>
      </symbol>
      <symbol id="sm-78d">
         <name>__aeabi_memclr4</name>
         <value>0xb0cc</value>
         <object_component_ref idref="oc-66"/>
      </symbol>
      <symbol id="sm-78e">
         <name>__aeabi_memclr</name>
         <value>0xb0cc</value>
         <object_component_ref idref="oc-66"/>
      </symbol>
      <symbol id="sm-7ac">
         <name>printf</name>
         <value>0xb2d0</value>
         <object_component_ref idref="oc-100"/>
      </symbol>
      <symbol id="sm-7b8">
         <name>__aeabi_ui2d</name>
         <value>0xbaec</value>
         <object_component_ref idref="oc-1b7"/>
      </symbol>
      <symbol id="sm-7d8">
         <name>_nop</name>
         <value>0xbc10</value>
         <object_component_ref idref="oc-1fd"/>
      </symbol>
      <symbol id="sm-7d9">
         <name>_lock</name>
         <value>0x80020a4</value>
         <object_component_ref idref="oc-119"/>
      </symbol>
      <symbol id="sm-7da">
         <name>_unlock</name>
         <value>0x80020a8</value>
         <object_component_ref idref="oc-119"/>
      </symbol>
      <symbol id="sm-7db">
         <name>_register_lock</name>
         <value>0xbc04</value>
         <object_component_ref idref="oc-1fd"/>
      </symbol>
      <symbol id="sm-7dc">
         <name>_register_unlock</name>
         <value>0xbbf8</value>
         <object_component_ref idref="oc-1fd"/>
      </symbol>
      <symbol id="sm-8cd">
         <name>__TI_printfi</name>
         <value>0x3a84</value>
         <object_component_ref idref="oc-1db"/>
      </symbol>
      <symbol id="sm-8e0">
         <name>atoi</name>
         <value>0xb4ac</value>
         <object_component_ref idref="oc-2a5"/>
      </symbol>
      <symbol id="sm-8eb">
         <name>_ctypes_</name>
         <value>0xbe08</value>
         <object_component_ref idref="oc-33e"/>
      </symbol>
      <symbol id="sm-904">
         <name>__aeabi_stdout</name>
         <value>0x8002090</value>
         <object_component_ref idref="oc-2ea"/>
      </symbol>
      <symbol id="sm-905">
         <name>__TI_tmpnams</name>
         <value>0x80021e4</value>
         <object_component_ref idref="oc-3ef"/>
      </symbol>
      <symbol id="sm-906">
         <name>__aeabi_stderr</name>
         <value>0x8002094</value>
         <object_component_ref idref="oc-2ea"/>
      </symbol>
      <symbol id="sm-907">
         <name>__aeabi_stdin</name>
         <value>0x800208c</value>
         <object_component_ref idref="oc-2ea"/>
      </symbol>
      <symbol id="sm-908">
         <name>_ftable</name>
         <value>0x8001d00</value>
         <object_component_ref idref="oc-1e1"/>
      </symbol>
      <symbol id="sm-909">
         <name>__TI_ft_end</name>
         <value>0x8002088</value>
         <object_component_ref idref="oc-2ea"/>
      </symbol>
      <symbol id="sm-930">
         <name>__aeabi_cdcmpeq</name>
         <value>0xae58</value>
         <object_component_ref idref="oc-268"/>
      </symbol>
      <symbol id="sm-931">
         <name>__aeabi_cdcmple</name>
         <value>0xae58</value>
         <object_component_ref idref="oc-268"/>
      </symbol>
      <symbol id="sm-932">
         <name>__aeabi_cdrcmple</name>
         <value>0xaf38</value>
         <object_component_ref idref="oc-272"/>
      </symbol>
      <symbol id="sm-949">
         <name>__aeabi_dmul</name>
         <value>0xa72c</value>
         <object_component_ref idref="oc-26d"/>
      </symbol>
      <symbol id="sm-957">
         <name>__aeabi_d2iz</name>
         <value>0xb7ec</value>
         <object_component_ref idref="oc-277"/>
      </symbol>
      <symbol id="sm-96f">
         <name>putc</name>
         <value>0xaa7c</value>
         <object_component_ref idref="oc-1cf"/>
      </symbol>
      <symbol id="sm-970">
         <name>fputc</name>
         <value>0xaa7c</value>
         <object_component_ref idref="oc-1cf"/>
      </symbol>
      <symbol id="sm-971">
         <name>putchar</name>
         <value>0xab74</value>
         <object_component_ref idref="oc-1cf"/>
      </symbol>
      <symbol id="sm-991">
         <name>puts</name>
         <value>0x9a14</value>
         <object_component_ref idref="oc-1d5"/>
      </symbol>
      <symbol id="sm-992">
         <name>fputs</name>
         <value>0x9878</value>
         <object_component_ref idref="oc-1d5"/>
      </symbol>
      <symbol id="sm-99f">
         <name>frexp</name>
         <value>0xbb20</value>
         <object_component_ref idref="oc-287"/>
      </symbol>
      <symbol id="sm-9ae">
         <name>__aeabi_idivmod</name>
         <value>0xb8fc</value>
         <object_component_ref idref="oc-31a"/>
      </symbol>
      <symbol id="sm-9af">
         <name>__aeabi_idiv</name>
         <value>0xb8fc</value>
         <object_component_ref idref="oc-31a"/>
      </symbol>
      <symbol id="sm-9bb">
         <name>__aeabi_i2d</name>
         <value>0xba78</value>
         <object_component_ref idref="oc-282"/>
      </symbol>
      <symbol id="sm-9ca">
         <name>ldexp</name>
         <value>0xb720</value>
         <object_component_ref idref="oc-28d"/>
      </symbol>
      <symbol id="sm-a1a">
         <name>open</name>
         <value>0x7f0c</value>
         <object_component_ref idref="oc-248"/>
      </symbol>
      <symbol id="sm-a1b">
         <name>add_device</name>
         <value>0x80f8</value>
         <object_component_ref idref="oc-248"/>
      </symbol>
      <symbol id="sm-a1c">
         <name>remove_device</name>
         <value>0x7e7c</value>
         <object_component_ref idref="oc-248"/>
      </symbol>
      <symbol id="sm-a1d">
         <name>lseek</name>
         <value>0x8024</value>
         <object_component_ref idref="oc-248"/>
      </symbol>
      <symbol id="sm-a1e">
         <name>read</name>
         <value>0x7ec8</value>
         <object_component_ref idref="oc-248"/>
      </symbol>
      <symbol id="sm-a1f">
         <name>rename</name>
         <value>0x7e10</value>
         <object_component_ref idref="oc-248"/>
      </symbol>
      <symbol id="sm-a20">
         <name>write</name>
         <value>0x7cd8</value>
         <object_component_ref idref="oc-248"/>
      </symbol>
      <symbol id="sm-a21">
         <name>close</name>
         <value>0x8068</value>
         <object_component_ref idref="oc-248"/>
      </symbol>
      <symbol id="sm-a22">
         <name>unlink</name>
         <value>0x7dd0</value>
         <object_component_ref idref="oc-248"/>
      </symbol>
      <symbol id="sm-a31">
         <name>memccpy</name>
         <value>0xbb50</value>
         <object_component_ref idref="oc-29f"/>
      </symbol>
      <symbol id="sm-a40">
         <name>memchr</name>
         <value>0xbb7c</value>
         <object_component_ref idref="oc-256"/>
      </symbol>
      <symbol id="sm-a4e">
         <name>strchr</name>
         <value>0xbba8</value>
         <object_component_ref idref="oc-293"/>
      </symbol>
      <symbol id="sm-a5c">
         <name>strcmp</name>
         <value>0xbbd0</value>
         <object_component_ref idref="oc-2ef"/>
      </symbol>
      <symbol id="sm-a6a">
         <name>strlen</name>
         <value>0xbc1c</value>
         <object_component_ref idref="oc-250"/>
      </symbol>
      <symbol id="sm-a79">
         <name>strncpy</name>
         <value>0xb9ec</value>
         <object_component_ref idref="oc-2f5"/>
      </symbol>
      <symbol id="sm-a9a">
         <name>HOSTgetenv</name>
         <value>0x85b0</value>
         <object_component_ref idref="oc-36b"/>
      </symbol>
      <symbol id="sm-a9b">
         <name>HOSTrename</name>
         <value>0x8368</value>
         <object_component_ref idref="oc-36b"/>
      </symbol>
      <symbol id="sm-a9c">
         <name>HOSTclose</name>
         <value>0x8618</value>
         <object_component_ref idref="oc-36b"/>
      </symbol>
      <symbol id="sm-a9d">
         <name>HOSTunlink</name>
         <value>0x82a4</value>
         <object_component_ref idref="oc-36b"/>
      </symbol>
      <symbol id="sm-a9e">
         <name>HOSTlseek</name>
         <value>0x8510</value>
         <object_component_ref idref="oc-36b"/>
      </symbol>
      <symbol id="sm-a9f">
         <name>HOSTopen</name>
         <value>0x8484</value>
         <object_component_ref idref="oc-36b"/>
      </symbol>
      <symbol id="sm-aa0">
         <name>HOSTclock</name>
         <value>0x8680</value>
         <object_component_ref idref="oc-36b"/>
      </symbol>
      <symbol id="sm-aa1">
         <name>HOSTwrite</name>
         <value>0x8220</value>
         <object_component_ref idref="oc-36b"/>
      </symbol>
      <symbol id="sm-aa2">
         <name>HOSTread</name>
         <value>0x8400</value>
         <object_component_ref idref="oc-36b"/>
      </symbol>
      <symbol id="sm-aa3">
         <name>HOSTtime</name>
         <value>0x8308</value>
         <object_component_ref idref="oc-36b"/>
      </symbol>
      <symbol id="sm-abd">
         <name>__TI_readmsg</name>
         <value>0xb3bc</value>
         <object_component_ref idref="oc-3bd"/>
      </symbol>
      <symbol id="sm-abe">
         <name>C$$IO$$</name>
         <value>0xb3b4</value>
         <object_component_ref idref="oc-3bd"/>
      </symbol>
      <symbol id="sm-abf">
         <name>__CIOBUF_</name>
         <value>0x80020c4</value>
         <object_component_ref idref="oc-3f6"/>
      </symbol>
      <symbol id="sm-ac0">
         <name>__TI_writemsg</name>
         <value>0xb36c</value>
         <object_component_ref idref="oc-3bd"/>
      </symbol>
      <symbol id="sm-ace">
         <name>__aeabi_uidivmod</name>
         <value>0xb950</value>
         <object_component_ref idref="oc-263"/>
      </symbol>
      <symbol id="sm-acf">
         <name>__aeabi_uidiv</name>
         <value>0xb950</value>
         <object_component_ref idref="oc-263"/>
      </symbol>
      <symbol id="sm-af9">
         <name>__aeabi_uldivmod</name>
         <value>0x8d00</value>
         <object_component_ref idref="oc-25e"/>
      </symbol>
      <symbol id="sm-b07">
         <name>_Dclass</name>
         <value>0xbab4</value>
         <object_component_ref idref="oc-299"/>
      </symbol>
      <symbol id="sm-b25">
         <name>_Dscale</name>
         <value>0x9bfc</value>
         <object_component_ref idref="oc-32a"/>
      </symbol>
      <symbol id="sm-b38">
         <name>_Dunscale</name>
         <value>0xb018</value>
         <object_component_ref idref="oc-322"/>
      </symbol>
      <symbol id="sm-b45">
         <name>_Feraise</name>
         <value>0xba34</value>
         <object_component_ref idref="oc-330"/>
      </symbol>
      <symbol id="sm-b55">
         <name>_Rteps</name>
         <value>0x8001fd0</value>
         <object_component_ref idref="oc-38c"/>
      </symbol>
      <symbol id="sm-b56">
         <name>_Zero</name>
         <value>0x8001fe8</value>
         <object_component_ref idref="oc-38c"/>
      </symbol>
      <symbol id="sm-b57">
         <name>_Hugeval</name>
         <value>0x8001f90</value>
         <object_component_ref idref="oc-38c"/>
      </symbol>
      <symbol id="sm-b58">
         <name>_Snan</name>
         <value>0x8001fc0</value>
         <object_component_ref idref="oc-38c"/>
      </symbol>
      <symbol id="sm-b59">
         <name>_Nan</name>
         <value>0x8001fb0</value>
         <object_component_ref idref="oc-38c"/>
      </symbol>
      <symbol id="sm-b5a">
         <name>_Inf</name>
         <value>0x8001fa0</value>
         <object_component_ref idref="oc-38c"/>
      </symbol>
      <symbol id="sm-b5b">
         <name>_Xbig</name>
         <value>0x8001fe0</value>
         <object_component_ref idref="oc-38c"/>
      </symbol>
      <symbol id="sm-b5c">
         <name>_Eps</name>
         <value>0x8001f80</value>
         <object_component_ref idref="oc-38c"/>
      </symbol>
      <symbol id="sm-b5d">
         <name>_Denorm</name>
         <value>0x8001f70</value>
         <object_component_ref idref="oc-38c"/>
      </symbol>
      <symbol id="sm-b79">
         <name>__TI_wrt_ok</name>
         <value>0xa854</value>
         <object_component_ref idref="oc-23c"/>
      </symbol>
      <symbol id="sm-b7a">
         <name>__TI_rd_ok</name>
         <value>0xa8f4</value>
         <object_component_ref idref="oc-23c"/>
      </symbol>
      <symbol id="sm-b82">
         <name>_Errno</name>
         <value>0x80020bc</value>
         <object_component_ref idref="oc-397"/>
      </symbol>
      <symbol id="sm-ba1">
         <name>feraiseexcept</name>
         <value>0xb8a4</value>
         <object_component_ref idref="oc-391"/>
      </symbol>
      <symbol id="sm-ba2">
         <name>_Tls_setup__Fenv</name>
         <value>0x80020b8</value>
         <object_component_ref idref="oc-3e5"/>
      </symbol>
      <symbol id="sm-ba3">
         <name>_Fenv</name>
         <value>0x80020b4</value>
         <object_component_ref idref="oc-3e5"/>
      </symbol>
      <symbol id="sm-bbd">
         <name>__TI_doflush</name>
         <value>0xa5fc</value>
         <object_component_ref idref="oc-242"/>
      </symbol>
      <symbol id="sm-bbe">
         <name>fflush</name>
         <value>0xa680</value>
         <object_component_ref idref="oc-242"/>
      </symbol>
      <symbol id="sm-bd0">
         <name>fseek</name>
         <value>0xb17c</value>
         <object_component_ref idref="oc-2dc"/>
      </symbol>
      <symbol id="sm-bda">
         <name>__aeabi_idiv0</name>
         <value>0xbc84</value>
         <object_component_ref idref="oc-30f"/>
      </symbol>
      <symbol id="sm-bed">
         <name>raise</name>
         <value>0xb9a0</value>
         <object_component_ref idref="oc-3df"/>
      </symbol>
      <symbol id="sm-c07">
         <name>setvbuf</name>
         <value>0xa214</value>
         <object_component_ref idref="oc-2e2"/>
      </symbol>
      <symbol id="sm-c21">
         <name>signal</name>
         <value>0xb788</value>
         <object_component_ref idref="oc-401"/>
      </symbol>
      <symbol id="sm-c2f">
         <name>strcpy</name>
         <value>0xbc3c</value>
         <object_component_ref idref="oc-3c3"/>
      </symbol>
      <symbol id="sm-c44">
         <name>_Dnorm</name>
         <value>0xa0b4</value>
         <object_component_ref idref="oc-382"/>
      </symbol>
      <symbol id="sm-c77">
         <name>__TI_cleanup</name>
         <value>0x8b6c</value>
         <object_component_ref idref="oc-354"/>
      </symbol>
      <symbol id="sm-c78">
         <name>freopen</name>
         <value>0x8bb8</value>
         <object_component_ref idref="oc-354"/>
      </symbol>
      <symbol id="sm-c79">
         <name>fopen</name>
         <value>0x8c04</value>
         <object_component_ref idref="oc-354"/>
      </symbol>
      <symbol id="sm-cdd">
         <name>_sys_memory</name>
         <value>0x8001500</value>
         <object_component_ref idref="oc-4a"/>
      </symbol>
      <symbol id="sm-cde">
         <name>free</name>
         <value>0x726c</value>
         <object_component_ref idref="oc-34e"/>
      </symbol>
      <symbol id="sm-cdf">
         <name>realloc</name>
         <value>0x73c4</value>
         <object_component_ref idref="oc-34e"/>
      </symbol>
      <symbol id="sm-ce0">
         <name>memalign</name>
         <value>0x7558</value>
         <object_component_ref idref="oc-34e"/>
      </symbol>
      <symbol id="sm-ce1">
         <name>calloc</name>
         <value>0x7698</value>
         <object_component_ref idref="oc-34e"/>
      </symbol>
      <symbol id="sm-ce2">
         <name>malloc</name>
         <value>0x71b0</value>
         <object_component_ref idref="oc-34e"/>
      </symbol>
      <symbol id="sm-ce3">
         <name>minit</name>
         <value>0x70b4</value>
         <object_component_ref idref="oc-34e"/>
      </symbol>
      <symbol id="sm-cf9">
         <name>__TI_closefile</name>
         <value>0xab88</value>
         <object_component_ref idref="oc-3ae"/>
      </symbol>
      <symbol id="sm-cfa">
         <name>fclose</name>
         <value>0xac34</value>
         <object_component_ref idref="oc-3ae"/>
      </symbol>
      <symbol id="sm-cfc">
         <name>__TI_static_base__</name>
         <value>0x0</value>
      </symbol>
      <symbol id="sm-cff">
         <name>SHT$$INIT_ARRAY$$Base</name>
         <value>0x0</value>
      </symbol>
      <symbol id="sm-d00">
         <name>SHT$$INIT_ARRAY$$Limit</name>
         <value>0x0</value>
      </symbol>
      <symbol id="sm-d01">
         <name>remove</name>
         <value>0x7dd0</value>
      </symbol>
   </symbol_table>
   <title>Link successful</title>
</link_info>
