<?xml version="1.0"?>
<link_info>
   <banner>TI ARM Linker Unix v5.2.5</banner>
   <copyright>Copyright (c) 1996-2015 Texas Instruments Incorporated</copyright>
   <link_time>0x56af1e4c</link_time>
   <link_errors>0x0</link_errors>
   <output_file>CAN_example.out</output_file>
   <entry_point>
      <name>_c_int00</name>
      <address>0x9764</address>
   </entry_point>
   <input_file_list>
      <input_file id="fl-2">
         <path>./source/</path>
         <kind>object</kind>
         <file>adc.obj</file>
         <name>adc.obj</name>
      </input_file>
      <input_file id="fl-3">
         <path>./source/</path>
         <kind>object</kind>
         <file>adc_support.obj</file>
         <name>adc_support.obj</name>
      </input_file>
      <input_file id="fl-4">
         <path>./source/</path>
         <kind>object</kind>
         <file>can.obj</file>
         <name>can.obj</name>
      </input_file>
      <input_file id="fl-5">
         <path>./source/</path>
         <kind>object</kind>
         <file>can_support.obj</file>
         <name>can_support.obj</name>
      </input_file>
      <input_file id="fl-6">
         <path>./source/</path>
         <kind>object</kind>
         <file>classes.obj</file>
         <name>classes.obj</name>
      </input_file>
      <input_file id="fl-7">
         <path>./source/</path>
         <kind>object</kind>
         <file>dabort.obj</file>
         <name>dabort.obj</name>
      </input_file>
      <input_file id="fl-8">
         <path>./source/</path>
         <kind>object</kind>
         <file>esm.obj</file>
         <name>esm.obj</name>
      </input_file>
      <input_file id="fl-9">
         <path>./source/</path>
         <kind>object</kind>
         <file>gio.obj</file>
         <name>gio.obj</name>
      </input_file>
      <input_file id="fl-a">
         <path>./source/</path>
         <kind>object</kind>
         <file>notification.obj</file>
         <name>notification.obj</name>
      </input_file>
      <input_file id="fl-b">
         <path>./source/</path>
         <kind>object</kind>
         <file>pinmux.obj</file>
         <name>pinmux.obj</name>
      </input_file>
      <input_file id="fl-c">
         <path>./source/</path>
         <kind>object</kind>
         <file>sci.obj</file>
         <name>sci.obj</name>
      </input_file>
      <input_file id="fl-d">
         <path>./source/</path>
         <kind>object</kind>
         <file>sys_core.obj</file>
         <name>sys_core.obj</name>
      </input_file>
      <input_file id="fl-e">
         <path>./source/</path>
         <kind>object</kind>
         <file>sys_intvecs.obj</file>
         <name>sys_intvecs.obj</name>
      </input_file>
      <input_file id="fl-f">
         <path>./source/</path>
         <kind>object</kind>
         <file>sys_main.obj</file>
         <name>sys_main.obj</name>
      </input_file>
      <input_file id="fl-10">
         <path>./source/</path>
         <kind>object</kind>
         <file>sys_mpu.obj</file>
         <name>sys_mpu.obj</name>
      </input_file>
      <input_file id="fl-11">
         <path>./source/</path>
         <kind>object</kind>
         <file>sys_pcr.obj</file>
         <name>sys_pcr.obj</name>
      </input_file>
      <input_file id="fl-12">
         <path>./source/</path>
         <kind>object</kind>
         <file>sys_phantom.obj</file>
         <name>sys_phantom.obj</name>
      </input_file>
      <input_file id="fl-13">
         <path>./source/</path>
         <kind>object</kind>
         <file>sys_pmu.obj</file>
         <name>sys_pmu.obj</name>
      </input_file>
      <input_file id="fl-14">
         <path>./source/</path>
         <kind>object</kind>
         <file>sys_selftest.obj</file>
         <name>sys_selftest.obj</name>
      </input_file>
      <input_file id="fl-15">
         <path>./source/</path>
         <kind>object</kind>
         <file>sys_startup.obj</file>
         <name>sys_startup.obj</name>
      </input_file>
      <input_file id="fl-16">
         <path>./source/</path>
         <kind>object</kind>
         <file>sys_vim.obj</file>
         <name>sys_vim.obj</name>
      </input_file>
      <input_file id="fl-17">
         <path>./source/</path>
         <kind>object</kind>
         <file>system.obj</file>
         <name>system.obj</name>
      </input_file>
      <input_file id="fl-13d">
         <path>/Applications/ti/ccsv6/tools/compiler/ti-cgt-arm_5.2.5/lib/</path>
         <kind>archive</kind>
         <file>rtsv7R4_A_le_eabi.lib</file>
         <name>autoinit.obj</name>
      </input_file>
      <input_file id="fl-13e">
         <path>/Applications/ti/ccsv6/tools/compiler/ti-cgt-arm_5.2.5/lib/</path>
         <kind>archive</kind>
         <file>rtsv7R4_A_le_eabi.lib</file>
         <name>copy_decompress_none.obj</name>
      </input_file>
      <input_file id="fl-13f">
         <path>/Applications/ti/ccsv6/tools/compiler/ti-cgt-arm_5.2.5/lib/</path>
         <kind>archive</kind>
         <file>rtsv7R4_A_le_eabi.lib</file>
         <name>copy_decompress_rle.obj</name>
      </input_file>
      <input_file id="fl-140">
         <path>/Applications/ti/ccsv6/tools/compiler/ti-cgt-arm_5.2.5/lib/</path>
         <kind>archive</kind>
         <file>rtsv7R4_A_le_eabi.lib</file>
         <name>copy_zero_init.obj</name>
      </input_file>
      <input_file id="fl-141">
         <path>/Applications/ti/ccsv6/tools/compiler/ti-cgt-arm_5.2.5/lib/</path>
         <kind>archive</kind>
         <file>rtsv7R4_A_le_eabi.lib</file>
         <name>cpy_tbl.obj</name>
      </input_file>
      <input_file id="fl-142">
         <path>/Applications/ti/ccsv6/tools/compiler/ti-cgt-arm_5.2.5/lib/</path>
         <kind>archive</kind>
         <file>rtsv7R4_A_le_eabi.lib</file>
         <name>exit.obj</name>
      </input_file>
      <input_file id="fl-143">
         <path>/Applications/ti/ccsv6/tools/compiler/ti-cgt-arm_5.2.5/lib/</path>
         <kind>archive</kind>
         <file>rtsv7R4_A_le_eabi.lib</file>
         <name>fd_add32.obj</name>
      </input_file>
      <input_file id="fl-144">
         <path>/Applications/ti/ccsv6/tools/compiler/ti-cgt-arm_5.2.5/lib/</path>
         <kind>archive</kind>
         <file>rtsv7R4_A_le_eabi.lib</file>
         <name>fd_div32.obj</name>
      </input_file>
      <input_file id="fl-145">
         <path>/Applications/ti/ccsv6/tools/compiler/ti-cgt-arm_5.2.5/lib/</path>
         <kind>archive</kind>
         <file>rtsv7R4_A_le_eabi.lib</file>
         <name>fd_tou32.obj</name>
      </input_file>
      <input_file id="fl-146">
         <path>/Applications/ti/ccsv6/tools/compiler/ti-cgt-arm_5.2.5/lib/</path>
         <kind>archive</kind>
         <file>rtsv7R4_A_le_eabi.lib</file>
         <name>fs_add32.obj</name>
      </input_file>
      <input_file id="fl-147">
         <path>/Applications/ti/ccsv6/tools/compiler/ti-cgt-arm_5.2.5/lib/</path>
         <kind>archive</kind>
         <file>rtsv7R4_A_le_eabi.lib</file>
         <name>fs_div32.obj</name>
      </input_file>
      <input_file id="fl-148">
         <path>/Applications/ti/ccsv6/tools/compiler/ti-cgt-arm_5.2.5/lib/</path>
         <kind>archive</kind>
         <file>rtsv7R4_A_le_eabi.lib</file>
         <name>fs_mul32.obj</name>
      </input_file>
      <input_file id="fl-149">
         <path>/Applications/ti/ccsv6/tools/compiler/ti-cgt-arm_5.2.5/lib/</path>
         <kind>archive</kind>
         <file>rtsv7R4_A_le_eabi.lib</file>
         <name>fs_tod32.obj</name>
      </input_file>
      <input_file id="fl-14a">
         <path>/Applications/ti/ccsv6/tools/compiler/ti-cgt-arm_5.2.5/lib/</path>
         <kind>archive</kind>
         <file>rtsv7R4_A_le_eabi.lib</file>
         <name>i_tofs32.obj</name>
      </input_file>
      <input_file id="fl-14b">
         <path>/Applications/ti/ccsv6/tools/compiler/ti-cgt-arm_5.2.5/lib/</path>
         <kind>archive</kind>
         <file>rtsv7R4_A_le_eabi.lib</file>
         <name>ltoa.obj</name>
      </input_file>
      <input_file id="fl-14c">
         <path>/Applications/ti/ccsv6/tools/compiler/ti-cgt-arm_5.2.5/lib/</path>
         <kind>archive</kind>
         <file>rtsv7R4_A_le_eabi.lib</file>
         <name>memcpy32.obj</name>
      </input_file>
      <input_file id="fl-14d">
         <path>/Applications/ti/ccsv6/tools/compiler/ti-cgt-arm_5.2.5/lib/</path>
         <kind>archive</kind>
         <file>rtsv7R4_A_le_eabi.lib</file>
         <name>memset32.obj</name>
      </input_file>
      <input_file id="fl-14e">
         <path>/Applications/ti/ccsv6/tools/compiler/ti-cgt-arm_5.2.5/lib/</path>
         <kind>archive</kind>
         <file>rtsv7R4_A_le_eabi.lib</file>
         <name>printf.obj</name>
      </input_file>
      <input_file id="fl-14f">
         <path>/Applications/ti/ccsv6/tools/compiler/ti-cgt-arm_5.2.5/lib/</path>
         <kind>archive</kind>
         <file>rtsv7R4_A_le_eabi.lib</file>
         <name>u_tofd32.obj</name>
      </input_file>
      <input_file id="fl-150">
         <path>/Applications/ti/ccsv6/tools/compiler/ti-cgt-arm_5.2.5/lib/</path>
         <kind>archive</kind>
         <file>rtsv7R4_A_le_eabi.lib</file>
         <name>vsnprintf.obj</name>
      </input_file>
      <input_file id="fl-151">
         <path>/Applications/ti/ccsv6/tools/compiler/ti-cgt-arm_5.2.5/lib/</path>
         <kind>archive</kind>
         <file>rtsv7R4_A_le_eabi.lib</file>
         <name>_lock.obj</name>
      </input_file>
      <input_file id="fl-152">
         <path>/Applications/ti/ccsv6/tools/compiler/ti-cgt-arm_5.2.5/lib/</path>
         <kind>archive</kind>
         <file>rtsv7R4_A_le_eabi.lib</file>
         <name>_printfi.obj</name>
      </input_file>
      <input_file id="fl-153">
         <path>/Applications/ti/ccsv6/tools/compiler/ti-cgt-arm_5.2.5/lib/</path>
         <kind>archive</kind>
         <file>rtsv7R4_A_le_eabi.lib</file>
         <name>atoi.obj</name>
      </input_file>
      <input_file id="fl-154">
         <path>/Applications/ti/ccsv6/tools/compiler/ti-cgt-arm_5.2.5/lib/</path>
         <kind>archive</kind>
         <file>rtsv7R4_A_le_eabi.lib</file>
         <name>ctype.obj</name>
      </input_file>
      <input_file id="fl-155">
         <path>/Applications/ti/ccsv6/tools/compiler/ti-cgt-arm_5.2.5/lib/</path>
         <kind>archive</kind>
         <file>rtsv7R4_A_le_eabi.lib</file>
         <name>defs.obj</name>
      </input_file>
      <input_file id="fl-156">
         <path>/Applications/ti/ccsv6/tools/compiler/ti-cgt-arm_5.2.5/lib/</path>
         <kind>archive</kind>
         <file>rtsv7R4_A_le_eabi.lib</file>
         <name>fd_cmp32.obj</name>
      </input_file>
      <input_file id="fl-157">
         <path>/Applications/ti/ccsv6/tools/compiler/ti-cgt-arm_5.2.5/lib/</path>
         <kind>archive</kind>
         <file>rtsv7R4_A_le_eabi.lib</file>
         <name>fd_mul32.obj</name>
      </input_file>
      <input_file id="fl-158">
         <path>/Applications/ti/ccsv6/tools/compiler/ti-cgt-arm_5.2.5/lib/</path>
         <kind>archive</kind>
         <file>rtsv7R4_A_le_eabi.lib</file>
         <name>fd_toi32.obj</name>
      </input_file>
      <input_file id="fl-159">
         <path>/Applications/ti/ccsv6/tools/compiler/ti-cgt-arm_5.2.5/lib/</path>
         <kind>archive</kind>
         <file>rtsv7R4_A_le_eabi.lib</file>
         <name>fputc.obj</name>
      </input_file>
      <input_file id="fl-15a">
         <path>/Applications/ti/ccsv6/tools/compiler/ti-cgt-arm_5.2.5/lib/</path>
         <kind>archive</kind>
         <file>rtsv7R4_A_le_eabi.lib</file>
         <name>fputs.obj</name>
      </input_file>
      <input_file id="fl-15b">
         <path>/Applications/ti/ccsv6/tools/compiler/ti-cgt-arm_5.2.5/lib/</path>
         <kind>archive</kind>
         <file>rtsv7R4_A_le_eabi.lib</file>
         <name>frexp.obj</name>
      </input_file>
      <input_file id="fl-15c">
         <path>/Applications/ti/ccsv6/tools/compiler/ti-cgt-arm_5.2.5/lib/</path>
         <kind>archive</kind>
         <file>rtsv7R4_A_le_eabi.lib</file>
         <name>i_div32.obj</name>
      </input_file>
      <input_file id="fl-15d">
         <path>/Applications/ti/ccsv6/tools/compiler/ti-cgt-arm_5.2.5/lib/</path>
         <kind>archive</kind>
         <file>rtsv7R4_A_le_eabi.lib</file>
         <name>i_tofd32.obj</name>
      </input_file>
      <input_file id="fl-15e">
         <path>/Applications/ti/ccsv6/tools/compiler/ti-cgt-arm_5.2.5/lib/</path>
         <kind>archive</kind>
         <file>rtsv7R4_A_le_eabi.lib</file>
         <name>ldexp.obj</name>
      </input_file>
      <input_file id="fl-15f">
         <path>/Applications/ti/ccsv6/tools/compiler/ti-cgt-arm_5.2.5/lib/</path>
         <kind>archive</kind>
         <file>rtsv7R4_A_le_eabi.lib</file>
         <name>lowlev.obj</name>
      </input_file>
      <input_file id="fl-160">
         <path>/Applications/ti/ccsv6/tools/compiler/ti-cgt-arm_5.2.5/lib/</path>
         <kind>archive</kind>
         <file>rtsv7R4_A_le_eabi.lib</file>
         <name>memccpy.obj</name>
      </input_file>
      <input_file id="fl-161">
         <path>/Applications/ti/ccsv6/tools/compiler/ti-cgt-arm_5.2.5/lib/</path>
         <kind>archive</kind>
         <file>rtsv7R4_A_le_eabi.lib</file>
         <name>memchr.obj</name>
      </input_file>
      <input_file id="fl-162">
         <path>/Applications/ti/ccsv6/tools/compiler/ti-cgt-arm_5.2.5/lib/</path>
         <kind>archive</kind>
         <file>rtsv7R4_A_le_eabi.lib</file>
         <name>strchr.obj</name>
      </input_file>
      <input_file id="fl-163">
         <path>/Applications/ti/ccsv6/tools/compiler/ti-cgt-arm_5.2.5/lib/</path>
         <kind>archive</kind>
         <file>rtsv7R4_A_le_eabi.lib</file>
         <name>strcmp.obj</name>
      </input_file>
      <input_file id="fl-164">
         <path>/Applications/ti/ccsv6/tools/compiler/ti-cgt-arm_5.2.5/lib/</path>
         <kind>archive</kind>
         <file>rtsv7R4_A_le_eabi.lib</file>
         <name>strlen.obj</name>
      </input_file>
      <input_file id="fl-165">
         <path>/Applications/ti/ccsv6/tools/compiler/ti-cgt-arm_5.2.5/lib/</path>
         <kind>archive</kind>
         <file>rtsv7R4_A_le_eabi.lib</file>
         <name>strncpy.obj</name>
      </input_file>
      <input_file id="fl-166">
         <path>/Applications/ti/ccsv6/tools/compiler/ti-cgt-arm_5.2.5/lib/</path>
         <kind>archive</kind>
         <file>rtsv7R4_A_le_eabi.lib</file>
         <name>trgdrv.obj</name>
      </input_file>
      <input_file id="fl-167">
         <path>/Applications/ti/ccsv6/tools/compiler/ti-cgt-arm_5.2.5/lib/</path>
         <kind>archive</kind>
         <file>rtsv7R4_A_le_eabi.lib</file>
         <name>trgmsg.obj</name>
      </input_file>
      <input_file id="fl-168">
         <path>/Applications/ti/ccsv6/tools/compiler/ti-cgt-arm_5.2.5/lib/</path>
         <kind>archive</kind>
         <file>rtsv7R4_A_le_eabi.lib</file>
         <name>u_div32.obj</name>
      </input_file>
      <input_file id="fl-169">
         <path>/Applications/ti/ccsv6/tools/compiler/ti-cgt-arm_5.2.5/lib/</path>
         <kind>archive</kind>
         <file>rtsv7R4_A_le_eabi.lib</file>
         <name>ull_div32.obj</name>
      </input_file>
      <input_file id="fl-16a">
         <path>/Applications/ti/ccsv6/tools/compiler/ti-cgt-arm_5.2.5/lib/</path>
         <kind>archive</kind>
         <file>rtsv7R4_A_le_eabi.lib</file>
         <name>xdclass.obj</name>
      </input_file>
      <input_file id="fl-16b">
         <path>/Applications/ti/ccsv6/tools/compiler/ti-cgt-arm_5.2.5/lib/</path>
         <kind>archive</kind>
         <file>rtsv7R4_A_le_eabi.lib</file>
         <name>xdscale.obj</name>
      </input_file>
      <input_file id="fl-16c">
         <path>/Applications/ti/ccsv6/tools/compiler/ti-cgt-arm_5.2.5/lib/</path>
         <kind>archive</kind>
         <file>rtsv7R4_A_le_eabi.lib</file>
         <name>xdunscal.obj</name>
      </input_file>
      <input_file id="fl-16d">
         <path>/Applications/ti/ccsv6/tools/compiler/ti-cgt-arm_5.2.5/lib/</path>
         <kind>archive</kind>
         <file>rtsv7R4_A_le_eabi.lib</file>
         <name>xferaise.obj</name>
      </input_file>
      <input_file id="fl-16e">
         <path>/Applications/ti/ccsv6/tools/compiler/ti-cgt-arm_5.2.5/lib/</path>
         <kind>archive</kind>
         <file>rtsv7R4_A_le_eabi.lib</file>
         <name>xvalues.obj</name>
      </input_file>
      <input_file id="fl-16f">
         <path>/Applications/ti/ccsv6/tools/compiler/ti-cgt-arm_5.2.5/lib/</path>
         <kind>archive</kind>
         <file>rtsv7R4_A_le_eabi.lib</file>
         <name>_io_perm.obj</name>
      </input_file>
      <input_file id="fl-170">
         <path>/Applications/ti/ccsv6/tools/compiler/ti-cgt-arm_5.2.5/lib/</path>
         <kind>archive</kind>
         <file>rtsv7R4_A_le_eabi.lib</file>
         <name>errno.obj</name>
      </input_file>
      <input_file id="fl-171">
         <path>/Applications/ti/ccsv6/tools/compiler/ti-cgt-arm_5.2.5/lib/</path>
         <kind>archive</kind>
         <file>rtsv7R4_A_le_eabi.lib</file>
         <name>feraiseexcept.obj</name>
      </input_file>
      <input_file id="fl-172">
         <path>/Applications/ti/ccsv6/tools/compiler/ti-cgt-arm_5.2.5/lib/</path>
         <kind>archive</kind>
         <file>rtsv7R4_A_le_eabi.lib</file>
         <name>fflush.obj</name>
      </input_file>
      <input_file id="fl-173">
         <path>/Applications/ti/ccsv6/tools/compiler/ti-cgt-arm_5.2.5/lib/</path>
         <kind>archive</kind>
         <file>rtsv7R4_A_le_eabi.lib</file>
         <name>fseek.obj</name>
      </input_file>
      <input_file id="fl-174">
         <path>/Applications/ti/ccsv6/tools/compiler/ti-cgt-arm_5.2.5/lib/</path>
         <kind>archive</kind>
         <file>rtsv7R4_A_le_eabi.lib</file>
         <name>i_div0.obj</name>
      </input_file>
      <input_file id="fl-175">
         <path>/Applications/ti/ccsv6/tools/compiler/ti-cgt-arm_5.2.5/lib/</path>
         <kind>archive</kind>
         <file>rtsv7R4_A_le_eabi.lib</file>
         <name>raise.obj</name>
      </input_file>
      <input_file id="fl-176">
         <path>/Applications/ti/ccsv6/tools/compiler/ti-cgt-arm_5.2.5/lib/</path>
         <kind>archive</kind>
         <file>rtsv7R4_A_le_eabi.lib</file>
         <name>setvbuf.obj</name>
      </input_file>
      <input_file id="fl-177">
         <path>/Applications/ti/ccsv6/tools/compiler/ti-cgt-arm_5.2.5/lib/</path>
         <kind>archive</kind>
         <file>rtsv7R4_A_le_eabi.lib</file>
         <name>signal.obj</name>
      </input_file>
      <input_file id="fl-178">
         <path>/Applications/ti/ccsv6/tools/compiler/ti-cgt-arm_5.2.5/lib/</path>
         <kind>archive</kind>
         <file>rtsv7R4_A_le_eabi.lib</file>
         <name>strcpy.obj</name>
      </input_file>
      <input_file id="fl-179">
         <path>/Applications/ti/ccsv6/tools/compiler/ti-cgt-arm_5.2.5/lib/</path>
         <kind>archive</kind>
         <file>rtsv7R4_A_le_eabi.lib</file>
         <name>xdnorm.obj</name>
      </input_file>
      <input_file id="fl-17a">
         <path>/Applications/ti/ccsv6/tools/compiler/ti-cgt-arm_5.2.5/lib/</path>
         <kind>archive</kind>
         <file>rtsv7R4_A_le_eabi.lib</file>
         <name>fopen.obj</name>
      </input_file>
      <input_file id="fl-17b">
         <path>/Applications/ti/ccsv6/tools/compiler/ti-cgt-arm_5.2.5/lib/</path>
         <kind>archive</kind>
         <file>rtsv7R4_A_le_eabi.lib</file>
         <name>memory.obj</name>
      </input_file>
      <input_file id="fl-17c">
         <path>/Applications/ti/ccsv6/tools/compiler/ti-cgt-arm_5.2.5/lib/</path>
         <kind>archive</kind>
         <file>rtsv7R4_A_le_eabi.lib</file>
         <name>fclose.obj</name>
      </input_file>
      <input_file id="fl-17d">
         <path>/Applications/ti/ccsv6/tools/compiler/ti-cgt-arm_5.2.5/lib/</path>
         <kind>archive</kind>
         <file>rtsv7R4_A_le_eabi.lib</file>
         <name>remove.obj</name>
      </input_file>
   </input_file_list>
   <object_component_list>
      <object_component id="oc-33">
         <name>.intvecs</name>
         <load_address>0x0</load_address>
         <run_address>0x0</run_address>
         <size>0x20</size>
         <input_file_ref idref="fl-e"/>
      </object_component>
      <object_component id="oc-7d">
         <name>.text</name>
         <load_address>0x20</load_address>
         <run_address>0x20</run_address>
         <size>0x24f0</size>
         <input_file_ref idref="fl-14"/>
      </object_component>
      <object_component id="oc-1df">
         <name>.text</name>
         <load_address>0x2510</load_address>
         <run_address>0x2510</run_address>
         <size>0x1a70</size>
         <input_file_ref idref="fl-152"/>
      </object_component>
      <object_component id="oc-106">
         <name>.text</name>
         <load_address>0x3f80</load_address>
         <run_address>0x3f80</run_address>
         <size>0xd2c</size>
         <input_file_ref idref="fl-4"/>
      </object_component>
      <object_component id="oc-10c">
         <name>.text</name>
         <load_address>0x4cac</load_address>
         <run_address>0x4cac</run_address>
         <size>0xa84</size>
         <input_file_ref idref="fl-2"/>
      </object_component>
      <object_component id="oc-77">
         <name>.text</name>
         <load_address>0x5730</load_address>
         <run_address>0x5730</run_address>
         <size>0xa64</size>
         <input_file_ref idref="fl-17"/>
      </object_component>
      <object_component id="oc-3f">
         <name>.text</name>
         <load_address>0x6194</load_address>
         <run_address>0x6194</run_address>
         <size>0x89c</size>
         <input_file_ref idref="fl-16"/>
      </object_component>
      <object_component id="oc-fa">
         <name>.text</name>
         <load_address>0x6a30</load_address>
         <run_address>0x6a30</run_address>
         <size>0x684</size>
         <input_file_ref idref="fl-c"/>
      </object_component>
      <object_component id="oc-374">
         <name>.text</name>
         <load_address>0x70b4</load_address>
         <run_address>0x70b4</run_address>
         <size>0x63c</size>
         <input_file_ref idref="fl-17b"/>
      </object_component>
      <object_component id="oc-83">
         <name>.text</name>
         <load_address>0x76f0</load_address>
         <run_address>0x76f0</run_address>
         <size>0x5e8</size>
         <input_file_ref idref="fl-8"/>
      </object_component>
      <object_component id="oc-269">
         <name>.text</name>
         <load_address>0x7cd8</load_address>
         <run_address>0x7cd8</run_address>
         <size>0x548</size>
         <input_file_ref idref="fl-15f"/>
      </object_component>
      <object_component id="oc-391">
         <name>.text</name>
         <load_address>0x8220</load_address>
         <run_address>0x8220</run_address>
         <size>0x4cc</size>
         <input_file_ref idref="fl-166"/>
      </object_component>
      <object_component id="oc-72">
         <name>.text</name>
         <load_address>0x86ec</load_address>
         <run_address>0x86ec</run_address>
         <size>0x340</size>
         <input_file_ref idref="fl-d"/>
      </object_component>
      <object_component id="oc-112">
         <name>.text</name>
         <load_address>0x8a2c</load_address>
         <run_address>0x8a2c</run_address>
         <size>0x32c</size>
         <input_file_ref idref="fl-3"/>
      </object_component>
      <object_component id="oc-37a">
         <name>.text</name>
         <load_address>0x8d58</load_address>
         <run_address>0x8d58</run_address>
         <size>0x2d4</size>
         <input_file_ref idref="fl-17a"/>
      </object_component>
      <object_component id="oc-27f">
         <name>.text</name>
         <load_address>0x902c</load_address>
         <run_address>0x902c</run_address>
         <size>0x2b8</size>
         <input_file_ref idref="fl-169"/>
      </object_component>
      <object_component id="oc-3e">
         <name>.text:retain</name>
         <load_address>0x92e4</load_address>
         <run_address>0x92e4</run_address>
         <size>0x26c</size>
         <input_file_ref idref="fl-16"/>
      </object_component>
      <object_component id="oc-1c5">
         <name>.text</name>
         <load_address>0x9550</load_address>
         <run_address>0x9550</run_address>
         <size>0x214</size>
         <input_file_ref idref="fl-143"/>
      </object_component>
      <object_component id="oc-1e">
         <name>.text:retain</name>
         <load_address>0x9764</load_address>
         <run_address>0x9764</run_address>
         <size>0x208</size>
         <input_file_ref idref="fl-15"/>
      </object_component>
      <object_component id="oc-1d9">
         <name>.text</name>
         <load_address>0x996c</load_address>
         <run_address>0x996c</run_address>
         <size>0x1d4</size>
         <input_file_ref idref="fl-15a"/>
      </object_component>
      <object_component id="oc-24">
         <name>.text:retain</name>
         <load_address>0x9b40</load_address>
         <run_address>0x9b40</run_address>
         <size>0x1b0</size>
         <input_file_ref idref="fl-4"/>
      </object_component>
      <object_component id="oc-350">
         <name>.text</name>
         <load_address>0x9cf0</load_address>
         <run_address>0x9cf0</run_address>
         <size>0x1a8</size>
         <input_file_ref idref="fl-16b"/>
      </object_component>
      <object_component id="oc-1c0">
         <name>.text</name>
         <load_address>0x9e98</load_address>
         <run_address>0x9e98</run_address>
         <size>0x190</size>
         <input_file_ref idref="fl-144"/>
      </object_component>
      <object_component id="oc-4d">
         <name>.text</name>
         <load_address>0xa028</load_address>
         <run_address>0xa028</run_address>
         <size>0x180</size>
         <input_file_ref idref="fl-14c"/>
      </object_component>
      <object_component id="oc-3a8">
         <name>.text</name>
         <load_address>0xa1a8</load_address>
         <run_address>0xa1a8</run_address>
         <size>0x160</size>
         <input_file_ref idref="fl-179"/>
      </object_component>
      <object_component id="oc-308">
         <name>.text</name>
         <load_address>0xa308</load_address>
         <run_address>0xa308</run_address>
         <size>0x158</size>
         <input_file_ref idref="fl-176"/>
      </object_component>
      <object_component id="oc-dc">
         <name>.text</name>
         <load_address>0xa460</load_address>
         <run_address>0xa460</run_address>
         <size>0x150</size>
         <input_file_ref idref="fl-b"/>
      </object_component>
      <object_component id="oc-9c">
         <name>.text</name>
         <load_address>0xa5b0</load_address>
         <run_address>0xa5b0</run_address>
         <size>0x140</size>
         <input_file_ref idref="fl-a"/>
      </object_component>
      <object_component id="oc-209">
         <name>.text</name>
         <load_address>0xa6f0</load_address>
         <run_address>0xa6f0</run_address>
         <size>0x134</size>
         <input_file_ref idref="fl-146"/>
      </object_component>
      <object_component id="oc-263">
         <name>.text</name>
         <load_address>0xa824</load_address>
         <run_address>0xa824</run_address>
         <size>0x130</size>
         <input_file_ref idref="fl-172"/>
      </object_component>
      <object_component id="oc-28e">
         <name>.text</name>
         <load_address>0xa954</load_address>
         <run_address>0xa954</run_address>
         <size>0x128</size>
         <input_file_ref idref="fl-157"/>
      </object_component>
      <object_component id="oc-25d">
         <name>.text</name>
         <load_address>0xaa7c</load_address>
         <run_address>0xaa7c</run_address>
         <size>0x118</size>
         <input_file_ref idref="fl-16f"/>
      </object_component>
      <object_component id="oc-e4">
         <name>.text</name>
         <load_address>0xab94</load_address>
         <run_address>0xab94</run_address>
         <size>0x110</size>
         <input_file_ref idref="fl-13"/>
      </object_component>
      <object_component id="oc-1d3">
         <name>.text</name>
         <load_address>0xaca4</load_address>
         <run_address>0xaca4</run_address>
         <size>0x10c</size>
         <input_file_ref idref="fl-159"/>
      </object_component>
      <object_component id="oc-3d4">
         <name>.text</name>
         <load_address>0xadb0</load_address>
         <run_address>0xadb0</run_address>
         <size>0xfc</size>
         <input_file_ref idref="fl-17c"/>
      </object_component>
      <object_component id="oc-2d">
         <name>.text:retain</name>
         <load_address>0xaeac</load_address>
         <run_address>0xaeac</run_address>
         <size>0xec</size>
         <input_file_ref idref="fl-8"/>
      </object_component>
      <object_component id="oc-ac">
         <name>.text</name>
         <load_address>0xaf98</load_address>
         <run_address>0xaf98</run_address>
         <size>0xe8</size>
         <input_file_ref idref="fl-7"/>
      </object_component>
      <object_component id="oc-289">
         <name>.text:__aeabi_cdcmple</name>
         <load_address>0xb080</load_address>
         <run_address>0xb080</run_address>
         <size>0xe0</size>
         <input_file_ref idref="fl-156"/>
      </object_component>
      <object_component id="oc-293">
         <name>.text:__aeabi_cdrcmple</name>
         <load_address>0xb160</load_address>
         <run_address>0xb160</run_address>
         <size>0xe0</size>
         <input_file_ref idref="fl-156"/>
      </object_component>
      <object_component id="oc-20e">
         <name>.text</name>
         <load_address>0xb240</load_address>
         <run_address>0xb240</run_address>
         <size>0xd4</size>
         <input_file_ref idref="fl-147"/>
      </object_component>
      <object_component id="oc-8f">
         <name>.text</name>
         <load_address>0xb314</load_address>
         <run_address>0xb314</run_address>
         <size>0xc4</size>
         <input_file_ref idref="fl-f"/>
      </object_component>
      <object_component id="oc-348">
         <name>.text</name>
         <load_address>0xb3d8</load_address>
         <run_address>0xb3d8</run_address>
         <size>0xb4</size>
         <input_file_ref idref="fl-16c"/>
      </object_component>
      <object_component id="oc-66">
         <name>.text</name>
         <load_address>0xb48c</load_address>
         <run_address>0xb48c</run_address>
         <size>0xb0</size>
         <input_file_ref idref="fl-14d"/>
      </object_component>
      <object_component id="oc-204">
         <name>.text</name>
         <load_address>0xb53c</load_address>
         <run_address>0xb53c</run_address>
         <size>0xa8</size>
         <input_file_ref idref="fl-148"/>
      </object_component>
      <object_component id="oc-302">
         <name>.text</name>
         <load_address>0xb5e4</load_address>
         <run_address>0xb5e4</run_address>
         <size>0xa8</size>
         <input_file_ref idref="fl-173"/>
      </object_component>
      <object_component id="oc-89">
         <name>.text</name>
         <load_address>0xb68c</load_address>
         <run_address>0xb68c</run_address>
         <size>0xa4</size>
         <input_file_ref idref="fl-13d"/>
      </object_component>
      <object_component id="oc-100">
         <name>.text</name>
         <load_address>0xb730</load_address>
         <run_address>0xb730</run_address>
         <size>0xa4</size>
         <input_file_ref idref="fl-14e"/>
      </object_component>
      <object_component id="oc-3e3">
         <name>.text</name>
         <load_address>0xb7d4</load_address>
         <run_address>0xb7d4</run_address>
         <size>0xa4</size>
         <input_file_ref idref="fl-167"/>
      </object_component>
      <object_component id="oc-59">
         <name>.text</name>
         <load_address>0xb878</load_address>
         <run_address>0xb878</run_address>
         <size>0x9c</size>
         <input_file_ref idref="fl-13f"/>
      </object_component>
      <object_component id="oc-2c6">
         <name>.text</name>
         <load_address>0xb914</load_address>
         <run_address>0xb914</run_address>
         <size>0x84</size>
         <input_file_ref idref="fl-153"/>
      </object_component>
      <object_component id="oc-f2">
         <name>.text</name>
         <load_address>0xb998</load_address>
         <run_address>0xb998</run_address>
         <size>0x84</size>
         <input_file_ref idref="fl-141"/>
      </object_component>
      <object_component id="oc-29d">
         <name>.text</name>
         <load_address>0xba1c</load_address>
         <run_address>0xba1c</run_address>
         <size>0x80</size>
         <input_file_ref idref="fl-14b"/>
      </object_component>
      <object_component id="oc-95">
         <name>.text</name>
         <load_address>0xba9c</load_address>
         <run_address>0xba9c</run_address>
         <size>0x78</size>
         <input_file_ref idref="fl-142"/>
      </object_component>
      <object_component id="oc-2ae">
         <name>.text</name>
         <load_address>0xbb14</load_address>
         <run_address>0xbb14</run_address>
         <size>0x68</size>
         <input_file_ref idref="fl-15e"/>
      </object_component>
      <object_component id="oc-427">
         <name>.text</name>
         <load_address>0xbb7c</load_address>
         <run_address>0xbb7c</run_address>
         <size>0x64</size>
         <input_file_ref idref="fl-177"/>
      </object_component>
      <object_component id="oc-1fa">
         <name>.text</name>
         <load_address>0xbbe0</load_address>
         <run_address>0xbbe0</run_address>
         <size>0x60</size>
         <input_file_ref idref="fl-149"/>
      </object_component>
      <object_component id="oc-298">
         <name>.text</name>
         <load_address>0xbc40</load_address>
         <run_address>0xbc40</run_address>
         <size>0x5c</size>
         <input_file_ref idref="fl-158"/>
      </object_component>
      <object_component id="oc-1ca">
         <name>.text</name>
         <load_address>0xbc9c</load_address>
         <run_address>0xbc9c</run_address>
         <size>0x5c</size>
         <input_file_ref idref="fl-145"/>
      </object_component>
      <object_component id="oc-3b7">
         <name>.text</name>
         <load_address>0xbcf8</load_address>
         <run_address>0xbcf8</run_address>
         <size>0x58</size>
         <input_file_ref idref="fl-171"/>
      </object_component>
      <object_component id="oc-340">
         <name>.text</name>
         <load_address>0xbd50</load_address>
         <run_address>0xbd50</run_address>
         <size>0x54</size>
         <input_file_ref idref="fl-15c"/>
      </object_component>
      <object_component id="oc-284">
         <name>.text</name>
         <load_address>0xbda4</load_address>
         <run_address>0xbda4</run_address>
         <size>0x50</size>
         <input_file_ref idref="fl-168"/>
      </object_component>
      <object_component id="oc-1ff">
         <name>.text</name>
         <load_address>0xbdf4</load_address>
         <run_address>0xbdf4</run_address>
         <size>0x4c</size>
         <input_file_ref idref="fl-14a"/>
      </object_component>
      <object_component id="oc-405">
         <name>.text</name>
         <load_address>0xbe40</load_address>
         <run_address>0xbe40</run_address>
         <size>0x4c</size>
         <input_file_ref idref="fl-175"/>
      </object_component>
      <object_component id="oc-31b">
         <name>.text</name>
         <load_address>0xbe8c</load_address>
         <run_address>0xbe8c</run_address>
         <size>0x48</size>
         <input_file_ref idref="fl-165"/>
      </object_component>
      <object_component id="oc-356">
         <name>.text</name>
         <load_address>0xbed4</load_address>
         <run_address>0xbed4</run_address>
         <size>0x44</size>
         <input_file_ref idref="fl-16d"/>
      </object_component>
      <object_component id="oc-2a3">
         <name>.text</name>
         <load_address>0xbf18</load_address>
         <run_address>0xbf18</run_address>
         <size>0x3c</size>
         <input_file_ref idref="fl-15d"/>
      </object_component>
      <object_component id="oc-2ba">
         <name>.text</name>
         <load_address>0xbf54</load_address>
         <run_address>0xbf54</run_address>
         <size>0x38</size>
         <input_file_ref idref="fl-16a"/>
      </object_component>
      <object_component id="oc-1bb">
         <name>.text</name>
         <load_address>0xbf8c</load_address>
         <run_address>0xbf8c</run_address>
         <size>0x34</size>
         <input_file_ref idref="fl-14f"/>
      </object_component>
      <object_component id="oc-2a8">
         <name>.text</name>
         <load_address>0xbfc0</load_address>
         <run_address>0xbfc0</run_address>
         <size>0x30</size>
         <input_file_ref idref="fl-15b"/>
      </object_component>
      <object_component id="oc-2c0">
         <name>.text</name>
         <load_address>0xbff0</load_address>
         <run_address>0xbff0</run_address>
         <size>0x2c</size>
         <input_file_ref idref="fl-160"/>
      </object_component>
      <object_component id="oc-277">
         <name>.text</name>
         <load_address>0xc01c</load_address>
         <run_address>0xc01c</run_address>
         <size>0x2c</size>
         <input_file_ref idref="fl-161"/>
      </object_component>
      <object_component id="oc-2b4">
         <name>.text</name>
         <load_address>0xc048</load_address>
         <run_address>0xc048</run_address>
         <size>0x28</size>
         <input_file_ref idref="fl-162"/>
      </object_component>
      <object_component id="oc-315">
         <name>.text</name>
         <load_address>0xc070</load_address>
         <run_address>0xc070</run_address>
         <size>0x28</size>
         <input_file_ref idref="fl-163"/>
      </object_component>
      <object_component id="oc-223">
         <name>.text</name>
         <load_address>0xc098</load_address>
         <run_address>0xc098</run_address>
         <size>0x24</size>
         <input_file_ref idref="fl-151"/>
      </object_component>
      <object_component id="oc-271">
         <name>.text</name>
         <load_address>0xc0bc</load_address>
         <run_address>0xc0bc</run_address>
         <size>0x20</size>
         <input_file_ref idref="fl-164"/>
      </object_component>
      <object_component id="oc-3e9">
         <name>.text</name>
         <load_address>0xc0dc</load_address>
         <run_address>0xc0dc</run_address>
         <size>0x18</size>
         <input_file_ref idref="fl-178"/>
      </object_component>
      <object_component id="oc-c">
         <name>.text:decompress:none</name>
         <load_address>0xc0f4</load_address>
         <run_address>0xc0f4</run_address>
         <size>0x14</size>
         <input_file_ref idref="fl-13e"/>
      </object_component>
      <object_component id="oc-18">
         <name>.text:decompress:ZI</name>
         <load_address>0xc108</load_address>
         <run_address>0xc108</run_address>
         <size>0x10</size>
         <input_file_ref idref="fl-140"/>
      </object_component>
      <object_component id="oc-12">
         <name>.text:decompress:rle24</name>
         <load_address>0xc118</load_address>
         <run_address>0xc118</run_address>
         <size>0x8</size>
         <input_file_ref idref="fl-13f"/>
      </object_component>
      <object_component id="oc-38">
         <name>.text:retain</name>
         <load_address>0xc120</load_address>
         <run_address>0xc120</run_address>
         <size>0x4</size>
         <input_file_ref idref="fl-12"/>
      </object_component>
      <object_component id="oc-335">
         <name>.text</name>
         <load_address>0xc124</load_address>
         <run_address>0xc124</run_address>
         <size>0x4</size>
         <input_file_ref idref="fl-174"/>
      </object_component>
      <object_component id="oc-2a">
         <name>.const:s_vim_init</name>
         <load_address>0xc128</load_address>
         <run_address>0xc128</run_address>
         <size>0x180</size>
         <input_file_ref idref="fl-16"/>
      </object_component>
      <object_component id="oc-364">
         <name>.const:.string:_ctypes_</name>
         <load_address>0xc2a8</load_address>
         <run_address>0xc2a8</run_address>
         <size>0x101</size>
         <input_file_ref idref="fl-154"/>
      </object_component>
      <object_component id="oc-118">
         <name>.const:$P$T0$1</name>
         <load_address>0xc3ac</load_address>
         <run_address>0xc3ac</run_address>
         <size>0x40</size>
         <input_file_ref idref="fl-f"/>
      </object_component>
      <object_component id="oc-1f6">
         <name>.const</name>
         <load_address>0xc3ec</load_address>
         <run_address>0xc3ec</run_address>
         <size>0x18</size>
         <input_file_ref idref="fl-2"/>
      </object_component>
      <object_component id="oc-475">
         <name>.cinit..data.load</name>
         <load_address>0xc408</load_address>
         <run_address>0xc408</run_address>
         <size>0xbd</size>
      </object_component>
      <object_component id="oc-472">
         <name>__TI_handler_table</name>
         <load_address>0xc4c8</load_address>
         <run_address>0xc4c8</run_address>
         <size>0xc</size>
      </object_component>
      <object_component id="oc-474">
         <name>.cinit..bss.load</name>
         <load_address>0xc4d8</load_address>
         <run_address>0xc4d8</run_address>
         <size>0x8</size>
      </object_component>
      <object_component id="oc-473">
         <name>__TI_cinit_table</name>
         <load_address>0xc4e0</load_address>
         <run_address>0xc4e0</run_address>
         <size>0x10</size>
      </object_component>
      <object_component id="oc-4a">
         <name>.sysmem</name>
         <uninitialized>true</uninitialized>
         <run_address>0x8001500</run_address>
         <size>0x8</size>
         <input_file_ref idref="fl-17b"/>
      </object_component>
      <object_component id="oc-476">
         <name>.sysmem</name>
         <uninitialized>true</uninitialized>
         <run_address>0x8001500</run_address>
         <size>0x0</size>
      </object_component>
      <object_component id="oc-415">
         <name>.bss:__TI_tmpnams</name>
         <uninitialized>true</uninitialized>
         <run_address>0x80021e4</run_address>
         <size>0xa0</size>
         <input_file_ref idref="fl-155"/>
      </object_component>
      <object_component id="oc-41c">
         <name>.bss:__CIOBUF_</name>
         <uninitialized>true</uninitialized>
         <run_address>0x80020c4</run_address>
         <size>0x120</size>
         <input_file_ref idref="fl-167"/>
      </object_component>
      <object_component id="oc-1cf">
         <name>.common:g_sciTransfer_t</name>
         <uninitialized>true</uninitialized>
         <run_address>0x8002284</run_address>
         <size>0x14</size>
      </object_component>
      <object_component id="oc-3ef">
         <name>.common:parmbuf</name>
         <uninitialized>true</uninitialized>
         <run_address>0x8002298</run_address>
         <size>0x8</size>
      </object_component>
      <object_component id="oc-12b">
         <name>.data</name>
         <load_address>0x8002070</load_address>
         <run_address>0x8002070</run_address>
         <size>0x18</size>
         <input_file_ref idref="fl-5"/>
      </object_component>
      <object_component id="oc-231">
         <name>.data:tx_data</name>
         <load_address>0x8002030</load_address>
         <run_address>0x8002030</run_address>
         <size>0x40</size>
         <input_file_ref idref="fl-5"/>
      </object_component>
      <object_component id="oc-234">
         <name>.data:rx_data</name>
         <load_address>0x8001ff0</load_address>
         <run_address>0x8001ff0</run_address>
         <size>0x40</size>
         <input_file_ref idref="fl-5"/>
      </object_component>
      <object_component id="oc-125">
         <name>.data</name>
         <load_address>0x80020ac</load_address>
         <run_address>0x80020ac</run_address>
         <size>0x8</size>
         <input_file_ref idref="fl-142"/>
      </object_component>
      <object_component id="oc-122">
         <name>.data</name>
         <load_address>0x80020a4</load_address>
         <run_address>0x80020a4</run_address>
         <size>0x8</size>
         <input_file_ref idref="fl-151"/>
      </object_component>
      <object_component id="oc-1e5">
         <name>.data:_ftable</name>
         <load_address>0x8001d00</load_address>
         <run_address>0x8001d00</run_address>
         <size>0xf0</size>
         <input_file_ref idref="fl-155"/>
      </object_component>
      <object_component id="oc-310">
         <name>.data</name>
         <load_address>0x8002088</load_address>
         <run_address>0x8002088</run_address>
         <size>0x10</size>
         <input_file_ref idref="fl-155"/>
      </object_component>
      <object_component id="oc-321">
         <name>.data</name>
         <load_address>0x8001df0</load_address>
         <run_address>0x8001df0</run_address>
         <size>0xd0</size>
         <input_file_ref idref="fl-15f"/>
      </object_component>
      <object_component id="oc-3b2">
         <name>.data</name>
         <load_address>0x8001f70</load_address>
         <run_address>0x8001f70</run_address>
         <size>0x80</size>
         <input_file_ref idref="fl-16e"/>
      </object_component>
      <object_component id="oc-3bd">
         <name>.data</name>
         <load_address>0x80020bc</load_address>
         <run_address>0x80020bc</run_address>
         <size>0x4</size>
         <input_file_ref idref="fl-170"/>
      </object_component>
      <object_component id="oc-40b">
         <name>.data</name>
         <load_address>0x80020b4</load_address>
         <run_address>0x80020b4</run_address>
         <size>0x8</size>
         <input_file_ref idref="fl-171"/>
      </object_component>
      <object_component id="oc-442">
         <name>.data:sigtable</name>
         <load_address>0x8001ec0</load_address>
         <run_address>0x8001ec0</run_address>
         <size>0xb0</size>
         <input_file_ref idref="fl-177"/>
      </object_component>
      <object_component id="oc-3da">
         <name>.data</name>
         <load_address>0x80020c0</load_address>
         <run_address>0x80020c0</run_address>
         <size>0x4</size>
         <input_file_ref idref="fl-17a"/>
      </object_component>
      <object_component id="oc-3d0">
         <name>.data</name>
         <load_address>0x8002098</load_address>
         <run_address>0x8002098</run_address>
         <size>0xc</size>
         <input_file_ref idref="fl-17b"/>
      </object_component>
      <object_component id="oc-15b">
         <name>.debug_info</name>
         <load_address>0x0</load_address>
         <run_address>0x0</run_address>
         <size>0x167</size>
         <input_file_ref idref="fl-2"/>
      </object_component>
      <object_component id="oc-1f7">
         <name>.debug_info</name>
         <load_address>0x167</load_address>
         <run_address>0x167</run_address>
         <size>0x105</size>
         <input_file_ref idref="fl-2"/>
      </object_component>
      <object_component id="oc-10d">
         <name>.debug_info</name>
         <load_address>0x26c</load_address>
         <run_address>0x26c</run_address>
         <size>0xb13</size>
         <input_file_ref idref="fl-2"/>
      </object_component>
      <object_component id="oc-16c">
         <name>.debug_info</name>
         <load_address>0xd7f</load_address>
         <run_address>0xd7f</run_address>
         <size>0x791</size>
         <input_file_ref idref="fl-2"/>
      </object_component>
      <object_component id="oc-a3">
         <name>.debug_info</name>
         <load_address>0x1510</load_address>
         <run_address>0x1510</run_address>
         <size>0x157</size>
         <input_file_ref idref="fl-2"/>
      </object_component>
      <object_component id="oc-11c">
         <name>.debug_info</name>
         <load_address>0x1667</load_address>
         <run_address>0x1667</run_address>
         <size>0x8b</size>
         <input_file_ref idref="fl-2"/>
      </object_component>
      <object_component id="oc-b4">
         <name>.debug_info</name>
         <load_address>0x16f2</load_address>
         <run_address>0x16f2</run_address>
         <size>0x18c</size>
         <input_file_ref idref="fl-2"/>
      </object_component>
      <object_component id="oc-130">
         <name>.debug_info</name>
         <load_address>0x187e</load_address>
         <run_address>0x187e</run_address>
         <size>0x18b</size>
         <input_file_ref idref="fl-2"/>
      </object_component>
      <object_component id="oc-b9">
         <name>.debug_info</name>
         <load_address>0x1a09</load_address>
         <run_address>0x1a09</run_address>
         <size>0x86</size>
         <input_file_ref idref="fl-2"/>
      </object_component>
      <object_component id="oc-1ea">
         <name>.debug_info</name>
         <load_address>0x1a8f</load_address>
         <run_address>0x1a8f</run_address>
         <size>0x4e</size>
         <input_file_ref idref="fl-2"/>
      </object_component>
      <object_component id="oc-214">
         <name>.debug_info</name>
         <load_address>0x1add</load_address>
         <run_address>0x1add</run_address>
         <size>0x273</size>
         <input_file_ref idref="fl-2"/>
      </object_component>
      <object_component id="oc-150">
         <name>.debug_info</name>
         <load_address>0x1d50</load_address>
         <run_address>0x1d50</run_address>
         <size>0x2cf</size>
         <input_file_ref idref="fl-2"/>
      </object_component>
      <object_component id="oc-219">
         <name>.debug_info</name>
         <load_address>0x201f</load_address>
         <run_address>0x201f</run_address>
         <size>0x1b9</size>
         <input_file_ref idref="fl-3"/>
      </object_component>
      <object_component id="oc-113">
         <name>.debug_info</name>
         <load_address>0x21d8</load_address>
         <run_address>0x21d8</run_address>
         <size>0x7d5</size>
         <input_file_ref idref="fl-3"/>
      </object_component>
      <object_component id="oc-1f0">
         <name>.debug_info</name>
         <load_address>0x29ad</load_address>
         <run_address>0x29ad</run_address>
         <size>0x21a</size>
         <input_file_ref idref="fl-4"/>
      </object_component>
      <object_component id="oc-107">
         <name>.debug_info</name>
         <load_address>0x2bc7</load_address>
         <run_address>0x2bc7</run_address>
         <size>0x1463</size>
         <input_file_ref idref="fl-4"/>
      </object_component>
      <object_component id="oc-25">
         <name>.debug_info</name>
         <load_address>0x402a</load_address>
         <run_address>0x402a</run_address>
         <size>0x2aa</size>
         <input_file_ref idref="fl-4"/>
      </object_component>
      <object_component id="oc-17b">
         <name>.debug_info</name>
         <load_address>0x42d4</load_address>
         <run_address>0x42d4</run_address>
         <size>0x437</size>
         <input_file_ref idref="fl-4"/>
      </object_component>
      <object_component id="oc-1f1">
         <name>.debug_info</name>
         <load_address>0x470b</load_address>
         <run_address>0x470b</run_address>
         <size>0x15f</size>
         <input_file_ref idref="fl-4"/>
      </object_component>
      <object_component id="oc-239">
         <name>.debug_info</name>
         <load_address>0x486a</load_address>
         <run_address>0x486a</run_address>
         <size>0x25f</size>
         <input_file_ref idref="fl-5"/>
      </object_component>
      <object_component id="oc-12c">
         <name>.debug_info</name>
         <load_address>0x4ac9</load_address>
         <run_address>0x4ac9</run_address>
         <size>0x160</size>
         <input_file_ref idref="fl-5"/>
      </object_component>
      <object_component id="oc-232">
         <name>.debug_info</name>
         <load_address>0x4c29</load_address>
         <run_address>0x4c29</run_address>
         <size>0xdb</size>
         <input_file_ref idref="fl-5"/>
      </object_component>
      <object_component id="oc-235">
         <name>.debug_info</name>
         <load_address>0x4d04</load_address>
         <run_address>0x4d04</run_address>
         <size>0xdb</size>
         <input_file_ref idref="fl-5"/>
      </object_component>
      <object_component id="oc-141">
         <name>.debug_info</name>
         <load_address>0x4ddf</load_address>
         <run_address>0x4ddf</run_address>
         <size>0x1f9</size>
         <input_file_ref idref="fl-5"/>
      </object_component>
      <object_component id="oc-21e">
         <name>.debug_info</name>
         <load_address>0x4fd8</load_address>
         <run_address>0x4fd8</run_address>
         <size>0x243</size>
         <input_file_ref idref="fl-5"/>
      </object_component>
      <object_component id="oc-258">
         <name>.debug_info</name>
         <load_address>0x521b</load_address>
         <run_address>0x521b</run_address>
         <size>0x18e</size>
         <input_file_ref idref="fl-5"/>
      </object_component>
      <object_component id="oc-cb">
         <name>.debug_info</name>
         <load_address>0x53a9</load_address>
         <run_address>0x53a9</run_address>
         <size>0x84</size>
         <input_file_ref idref="fl-6"/>
      </object_component>
      <object_component id="oc-ad">
         <name>.debug_info</name>
         <load_address>0x542d</load_address>
         <run_address>0x542d</run_address>
         <size>0xfe</size>
         <input_file_ref idref="fl-7"/>
      </object_component>
      <object_component id="oc-f1">
         <name>.debug_info</name>
         <load_address>0x552b</load_address>
         <run_address>0x552b</run_address>
         <size>0x16e</size>
         <input_file_ref idref="fl-8"/>
      </object_component>
      <object_component id="oc-84">
         <name>.debug_info</name>
         <load_address>0x5699</load_address>
         <run_address>0x5699</run_address>
         <size>0xb23</size>
         <input_file_ref idref="fl-8"/>
      </object_component>
      <object_component id="oc-2e">
         <name>.debug_info</name>
         <load_address>0x61bc</load_address>
         <run_address>0x61bc</run_address>
         <size>0x183</size>
         <input_file_ref idref="fl-8"/>
      </object_component>
      <object_component id="oc-137">
         <name>.debug_info</name>
         <load_address>0x633f</load_address>
         <run_address>0x633f</run_address>
         <size>0x1de</size>
         <input_file_ref idref="fl-8"/>
      </object_component>
      <object_component id="oc-ec">
         <name>.debug_info</name>
         <load_address>0x651d</load_address>
         <run_address>0x651d</run_address>
         <size>0x129</size>
         <input_file_ref idref="fl-8"/>
      </object_component>
      <object_component id="oc-12f">
         <name>.debug_info</name>
         <load_address>0x6646</load_address>
         <run_address>0x6646</run_address>
         <size>0x363</size>
         <input_file_ref idref="fl-a"/>
      </object_component>
      <object_component id="oc-9d">
         <name>.debug_info</name>
         <load_address>0x69a9</load_address>
         <run_address>0x69a9</run_address>
         <size>0x9be</size>
         <input_file_ref idref="fl-a"/>
      </object_component>
      <object_component id="oc-171">
         <name>.debug_info</name>
         <load_address>0x7367</load_address>
         <run_address>0x7367</run_address>
         <size>0x4de</size>
         <input_file_ref idref="fl-a"/>
      </object_component>
      <object_component id="oc-176">
         <name>.debug_info</name>
         <load_address>0x7845</load_address>
         <run_address>0x7845</run_address>
         <size>0x3ce</size>
         <input_file_ref idref="fl-a"/>
      </object_component>
      <object_component id="oc-d3">
         <name>.debug_info</name>
         <load_address>0x7c13</load_address>
         <run_address>0x7c13</run_address>
         <size>0x2c</size>
         <input_file_ref idref="fl-a"/>
      </object_component>
      <object_component id="oc-1a6">
         <name>.debug_info</name>
         <load_address>0x7c3f</load_address>
         <run_address>0x7c3f</run_address>
         <size>0x37b</size>
         <input_file_ref idref="fl-a"/>
      </object_component>
      <object_component id="oc-180">
         <name>.debug_info</name>
         <load_address>0x7fba</load_address>
         <run_address>0x7fba</run_address>
         <size>0x1ca</size>
         <input_file_ref idref="fl-a"/>
      </object_component>
      <object_component id="oc-13c">
         <name>.debug_info</name>
         <load_address>0x8184</load_address>
         <run_address>0x8184</run_address>
         <size>0x435</size>
         <input_file_ref idref="fl-a"/>
      </object_component>
      <object_component id="oc-199">
         <name>.debug_info</name>
         <load_address>0x85b9</load_address>
         <run_address>0x85b9</run_address>
         <size>0x510</size>
         <input_file_ref idref="fl-a"/>
      </object_component>
      <object_component id="oc-185">
         <name>.debug_info</name>
         <load_address>0x8ac9</load_address>
         <run_address>0x8ac9</run_address>
         <size>0x3d3</size>
         <input_file_ref idref="fl-a"/>
      </object_component>
      <object_component id="oc-18f">
         <name>.debug_info</name>
         <load_address>0x8e9c</load_address>
         <run_address>0x8e9c</run_address>
         <size>0x1de</size>
         <input_file_ref idref="fl-a"/>
      </object_component>
      <object_component id="oc-19e">
         <name>.debug_info</name>
         <load_address>0x907a</load_address>
         <run_address>0x907a</run_address>
         <size>0x17a</size>
         <input_file_ref idref="fl-a"/>
      </object_component>
      <object_component id="oc-146">
         <name>.debug_info</name>
         <load_address>0x91f4</load_address>
         <run_address>0x91f4</run_address>
         <size>0x642</size>
         <input_file_ref idref="fl-a"/>
      </object_component>
      <object_component id="oc-14b">
         <name>.debug_info</name>
         <load_address>0x9836</load_address>
         <run_address>0x9836</run_address>
         <size>0x13e</size>
         <input_file_ref idref="fl-a"/>
      </object_component>
      <object_component id="oc-169">
         <name>.debug_info</name>
         <load_address>0x9974</load_address>
         <run_address>0x9974</run_address>
         <size>0xd8</size>
         <input_file_ref idref="fl-b"/>
      </object_component>
      <object_component id="oc-dd">
         <name>.debug_info</name>
         <load_address>0x9a4c</load_address>
         <run_address>0x9a4c</run_address>
         <size>0x1dd</size>
         <input_file_ref idref="fl-b"/>
      </object_component>
      <object_component id="oc-18a">
         <name>.debug_info</name>
         <load_address>0x9c29</load_address>
         <run_address>0x9c29</run_address>
         <size>0x1d8</size>
         <input_file_ref idref="fl-b"/>
      </object_component>
      <object_component id="oc-240">
         <name>.debug_info</name>
         <load_address>0x9e01</load_address>
         <run_address>0x9e01</run_address>
         <size>0xc6</size>
         <input_file_ref idref="fl-b"/>
      </object_component>
      <object_component id="oc-1d0">
         <name>.debug_info</name>
         <load_address>0x9ec7</load_address>
         <run_address>0x9ec7</run_address>
         <size>0x13d</size>
         <input_file_ref idref="fl-c"/>
      </object_component>
      <object_component id="oc-fb">
         <name>.debug_info</name>
         <load_address>0xa004</load_address>
         <run_address>0xa004</run_address>
         <size>0xb0d</size>
         <input_file_ref idref="fl-c"/>
      </object_component>
      <object_component id="oc-253">
         <name>.debug_info</name>
         <load_address>0xab11</load_address>
         <run_address>0xab11</run_address>
         <size>0x9f</size>
         <input_file_ref idref="fl-c"/>
      </object_component>
      <object_component id="oc-73">
         <name>.debug_info</name>
         <load_address>0xabb0</load_address>
         <run_address>0xabb0</run_address>
         <size>0x77f</size>
         <input_file_ref idref="fl-d"/>
      </object_component>
      <object_component id="oc-34">
         <name>.debug_info</name>
         <load_address>0xb32f</load_address>
         <run_address>0xb32f</run_address>
         <size>0x106</size>
         <input_file_ref idref="fl-e"/>
      </object_component>
      <object_component id="oc-121">
         <name>.debug_info</name>
         <load_address>0xb435</load_address>
         <run_address>0xb435</run_address>
         <size>0x321</size>
         <input_file_ref idref="fl-f"/>
      </object_component>
      <object_component id="oc-119">
         <name>.debug_info</name>
         <load_address>0xb756</load_address>
         <run_address>0xb756</run_address>
         <size>0xd7</size>
         <input_file_ref idref="fl-f"/>
      </object_component>
      <object_component id="oc-90">
         <name>.debug_info</name>
         <load_address>0xb82d</load_address>
         <run_address>0xb82d</run_address>
         <size>0x20d</size>
         <input_file_ref idref="fl-f"/>
      </object_component>
      <object_component id="oc-245">
         <name>.debug_info</name>
         <load_address>0xba3a</load_address>
         <run_address>0xba3a</run_address>
         <size>0xf7</size>
         <input_file_ref idref="fl-11"/>
      </object_component>
      <object_component id="oc-2fd">
         <name>.debug_info</name>
         <load_address>0xbb31</load_address>
         <run_address>0xbb31</run_address>
         <size>0x242</size>
         <input_file_ref idref="fl-11"/>
      </object_component>
      <object_component id="oc-194">
         <name>.debug_info</name>
         <load_address>0xbd73</load_address>
         <run_address>0xbd73</run_address>
         <size>0x2af</size>
         <input_file_ref idref="fl-11"/>
      </object_component>
      <object_component id="oc-39">
         <name>.debug_info</name>
         <load_address>0xc022</load_address>
         <run_address>0xc022</run_address>
         <size>0x134</size>
         <input_file_ref idref="fl-12"/>
      </object_component>
      <object_component id="oc-e5">
         <name>.debug_info</name>
         <load_address>0xc156</load_address>
         <run_address>0xc156</run_address>
         <size>0x366</size>
         <input_file_ref idref="fl-13"/>
      </object_component>
      <object_component id="oc-ea">
         <name>.debug_info</name>
         <load_address>0xc4bc</load_address>
         <run_address>0xc4bc</run_address>
         <size>0x4b9</size>
         <input_file_ref idref="fl-14"/>
      </object_component>
      <object_component id="oc-7e">
         <name>.debug_info</name>
         <load_address>0xc975</load_address>
         <run_address>0xc975</run_address>
         <size>0x27f9</size>
         <input_file_ref idref="fl-14"/>
      </object_component>
      <object_component id="oc-1f">
         <name>.debug_info</name>
         <load_address>0xf16e</load_address>
         <run_address>0xf16e</run_address>
         <size>0x4e5</size>
         <input_file_ref idref="fl-15"/>
      </object_component>
      <object_component id="oc-aa">
         <name>.debug_info</name>
         <load_address>0xf653</load_address>
         <run_address>0xf653</run_address>
         <size>0x2fd</size>
         <input_file_ref idref="fl-16"/>
      </object_component>
      <object_component id="oc-2b">
         <name>.debug_info</name>
         <load_address>0xf950</load_address>
         <run_address>0xf950</run_address>
         <size>0xdc</size>
         <input_file_ref idref="fl-16"/>
      </object_component>
      <object_component id="oc-40">
         <name>.debug_info</name>
         <load_address>0xfa2c</load_address>
         <run_address>0xfa2c</run_address>
         <size>0x46e</size>
         <input_file_ref idref="fl-16"/>
      </object_component>
      <object_component id="oc-45">
         <name>.debug_info</name>
         <load_address>0xfe9a</load_address>
         <run_address>0xfe9a</run_address>
         <size>0x1f7</size>
         <input_file_ref idref="fl-16"/>
      </object_component>
      <object_component id="oc-155">
         <name>.debug_info</name>
         <load_address>0x10091</load_address>
         <run_address>0x10091</run_address>
         <size>0x5d</size>
         <input_file_ref idref="fl-16"/>
      </object_component>
      <object_component id="oc-e3">
         <name>.debug_info</name>
         <load_address>0x100ee</load_address>
         <run_address>0x100ee</run_address>
         <size>0x365</size>
         <input_file_ref idref="fl-17"/>
      </object_component>
      <object_component id="oc-78">
         <name>.debug_info</name>
         <load_address>0x10453</load_address>
         <run_address>0x10453</run_address>
         <size>0x72d</size>
         <input_file_ref idref="fl-17"/>
      </object_component>
      <object_component id="oc-f9">
         <name>.debug_info</name>
         <load_address>0x10b80</load_address>
         <run_address>0x10b80</run_address>
         <size>0x299</size>
         <input_file_ref idref="fl-13d"/>
      </object_component>
      <object_component id="oc-8b">
         <name>.debug_info</name>
         <load_address>0x10e19</load_address>
         <run_address>0x10e19</run_address>
         <size>0x153</size>
         <input_file_ref idref="fl-13d"/>
      </object_component>
      <object_component id="oc-1b1">
         <name>.debug_info</name>
         <load_address>0x10f6c</load_address>
         <run_address>0x10f6c</run_address>
         <size>0x39</size>
         <input_file_ref idref="fl-13d"/>
      </object_component>
      <object_component id="oc-1b6">
         <name>.debug_info</name>
         <load_address>0x10fa5</load_address>
         <run_address>0x10fa5</run_address>
         <size>0xcd</size>
         <input_file_ref idref="fl-13d"/>
      </object_component>
      <object_component id="oc-58">
         <name>.debug_info</name>
         <load_address>0x11072</load_address>
         <run_address>0x11072</run_address>
         <size>0x117</size>
         <input_file_ref idref="fl-13e"/>
      </object_component>
      <object_component id="oc-e">
         <name>.debug_info</name>
         <load_address>0x11189</load_address>
         <run_address>0x11189</run_address>
         <size>0x1a6</size>
         <input_file_ref idref="fl-13e"/>
      </object_component>
      <object_component id="oc-53">
         <name>.debug_info</name>
         <load_address>0x1132f</load_address>
         <run_address>0x1132f</run_address>
         <size>0x46</size>
         <input_file_ref idref="fl-13e"/>
      </object_component>
      <object_component id="oc-c4">
         <name>.debug_info</name>
         <load_address>0x11375</load_address>
         <run_address>0x11375</run_address>
         <size>0x2c</size>
         <input_file_ref idref="fl-13e"/>
      </object_component>
      <object_component id="oc-60">
         <name>.debug_info</name>
         <load_address>0x113a1</load_address>
         <run_address>0x113a1</run_address>
         <size>0x110</size>
         <input_file_ref idref="fl-13f"/>
      </object_component>
      <object_component id="oc-5b">
         <name>.debug_info</name>
         <load_address>0x114b1</load_address>
         <run_address>0x114b1</run_address>
         <size>0x223</size>
         <input_file_ref idref="fl-13f"/>
      </object_component>
      <object_component id="oc-14">
         <name>.debug_info</name>
         <load_address>0x116d4</load_address>
         <run_address>0x116d4</run_address>
         <size>0x18d</size>
         <input_file_ref idref="fl-13f"/>
      </object_component>
      <object_component id="oc-61">
         <name>.debug_info</name>
         <load_address>0x11861</load_address>
         <run_address>0x11861</run_address>
         <size>0x39</size>
         <input_file_ref idref="fl-13f"/>
      </object_component>
      <object_component id="oc-71">
         <name>.debug_info</name>
         <load_address>0x1189a</load_address>
         <run_address>0x1189a</run_address>
         <size>0x106</size>
         <input_file_ref idref="fl-140"/>
      </object_component>
      <object_component id="oc-1c">
         <name>.debug_info</name>
         <load_address>0x119a0</load_address>
         <run_address>0x119a0</run_address>
         <size>0x171</size>
         <input_file_ref idref="fl-140"/>
      </object_component>
      <object_component id="oc-6c">
         <name>.debug_info</name>
         <load_address>0x11b11</load_address>
         <run_address>0x11b11</run_address>
         <size>0x46</size>
         <input_file_ref idref="fl-140"/>
      </object_component>
      <object_component id="oc-1ae">
         <name>.debug_info</name>
         <load_address>0x11b57</load_address>
         <run_address>0x11b57</run_address>
         <size>0x1bc</size>
         <input_file_ref idref="fl-141"/>
      </object_component>
      <object_component id="oc-f3">
         <name>.debug_info</name>
         <load_address>0x11d13</load_address>
         <run_address>0x11d13</run_address>
         <size>0x15f</size>
         <input_file_ref idref="fl-141"/>
      </object_component>
      <object_component id="oc-248">
         <name>.debug_info</name>
         <load_address>0x11e72</load_address>
         <run_address>0x11e72</run_address>
         <size>0x2c</size>
         <input_file_ref idref="fl-141"/>
      </object_component>
      <object_component id="oc-129">
         <name>.debug_info</name>
         <load_address>0x11e9e</load_address>
         <run_address>0x11e9e</run_address>
         <size>0x16d</size>
         <input_file_ref idref="fl-142"/>
      </object_component>
      <object_component id="oc-126">
         <name>.debug_info</name>
         <load_address>0x1200b</load_address>
         <run_address>0x1200b</run_address>
         <size>0x112</size>
         <input_file_ref idref="fl-142"/>
      </object_component>
      <object_component id="oc-96">
         <name>.debug_info</name>
         <load_address>0x1211d</load_address>
         <run_address>0x1211d</run_address>
         <size>0x1e9</size>
         <input_file_ref idref="fl-142"/>
      </object_component>
      <object_component id="oc-1c6">
         <name>.debug_info</name>
         <load_address>0x12306</load_address>
         <run_address>0x12306</run_address>
         <size>0x13b</size>
         <input_file_ref idref="fl-143"/>
      </object_component>
      <object_component id="oc-1c1">
         <name>.debug_info</name>
         <load_address>0x12441</load_address>
         <run_address>0x12441</run_address>
         <size>0x120</size>
         <input_file_ref idref="fl-144"/>
      </object_component>
      <object_component id="oc-1cb">
         <name>.debug_info</name>
         <load_address>0x12561</load_address>
         <run_address>0x12561</run_address>
         <size>0x119</size>
         <input_file_ref idref="fl-145"/>
      </object_component>
      <object_component id="oc-20a">
         <name>.debug_info</name>
         <load_address>0x1267a</load_address>
         <run_address>0x1267a</run_address>
         <size>0x129</size>
         <input_file_ref idref="fl-146"/>
      </object_component>
      <object_component id="oc-20f">
         <name>.debug_info</name>
         <load_address>0x127a3</load_address>
         <run_address>0x127a3</run_address>
         <size>0x120</size>
         <input_file_ref idref="fl-147"/>
      </object_component>
      <object_component id="oc-205">
         <name>.debug_info</name>
         <load_address>0x128c3</load_address>
         <run_address>0x128c3</run_address>
         <size>0x120</size>
         <input_file_ref idref="fl-148"/>
      </object_component>
      <object_component id="oc-1fb">
         <name>.debug_info</name>
         <load_address>0x129e3</load_address>
         <run_address>0x129e3</run_address>
         <size>0x10c</size>
         <input_file_ref idref="fl-149"/>
      </object_component>
      <object_component id="oc-200">
         <name>.debug_info</name>
         <load_address>0x12aef</load_address>
         <run_address>0x12aef</run_address>
         <size>0x103</size>
         <input_file_ref idref="fl-14a"/>
      </object_component>
      <object_component id="oc-346">
         <name>.debug_info</name>
         <load_address>0x12bf2</load_address>
         <run_address>0x12bf2</run_address>
         <size>0x128</size>
         <input_file_ref idref="fl-14b"/>
      </object_component>
      <object_component id="oc-29e">
         <name>.debug_info</name>
         <load_address>0x12d1a</load_address>
         <run_address>0x12d1a</run_address>
         <size>0x1b6</size>
         <input_file_ref idref="fl-14b"/>
      </object_component>
      <object_component id="oc-4e">
         <name>.debug_info</name>
         <load_address>0x12ed0</load_address>
         <run_address>0x12ed0</run_address>
         <size>0x15c</size>
         <input_file_ref idref="fl-14c"/>
      </object_component>
      <object_component id="oc-67">
         <name>.debug_info</name>
         <load_address>0x1302c</load_address>
         <run_address>0x1302c</run_address>
         <size>0x124</size>
         <input_file_ref idref="fl-14d"/>
      </object_component>
      <object_component id="oc-1e9">
         <name>.debug_info</name>
         <load_address>0x13150</load_address>
         <run_address>0x13150</run_address>
         <size>0x208</size>
         <input_file_ref idref="fl-14e"/>
      </object_component>
      <object_component id="oc-101">
         <name>.debug_info</name>
         <load_address>0x13358</load_address>
         <run_address>0x13358</run_address>
         <size>0x260</size>
         <input_file_ref idref="fl-14e"/>
      </object_component>
      <object_component id="oc-2e2">
         <name>.debug_info</name>
         <load_address>0x135b8</load_address>
         <run_address>0x135b8</run_address>
         <size>0xae</size>
         <input_file_ref idref="fl-14e"/>
      </object_component>
      <object_component id="oc-1bc">
         <name>.debug_info</name>
         <load_address>0x13666</load_address>
         <run_address>0x13666</run_address>
         <size>0x105</size>
         <input_file_ref idref="fl-14f"/>
      </object_component>
      <object_component id="oc-2d3">
         <name>.debug_info</name>
         <load_address>0x1376b</load_address>
         <run_address>0x1376b</run_address>
         <size>0x2c</size>
         <input_file_ref idref="fl-150"/>
      </object_component>
      <object_component id="oc-22b">
         <name>.debug_info</name>
         <load_address>0x13797</load_address>
         <run_address>0x13797</run_address>
         <size>0x100</size>
         <input_file_ref idref="fl-151"/>
      </object_component>
      <object_component id="oc-123">
         <name>.debug_info</name>
         <load_address>0x13897</load_address>
         <run_address>0x13897</run_address>
         <size>0xef</size>
         <input_file_ref idref="fl-151"/>
      </object_component>
      <object_component id="oc-226">
         <name>.debug_info</name>
         <load_address>0x13986</load_address>
         <run_address>0x13986</run_address>
         <size>0x1fb</size>
         <input_file_ref idref="fl-151"/>
      </object_component>
      <object_component id="oc-2cd">
         <name>.debug_info</name>
         <load_address>0x13b81</load_address>
         <run_address>0x13b81</run_address>
         <size>0x333</size>
         <input_file_ref idref="fl-152"/>
      </object_component>
      <object_component id="oc-1e3">
         <name>.debug_info</name>
         <load_address>0x13eb4</load_address>
         <run_address>0x13eb4</run_address>
         <size>0x17f8</size>
         <input_file_ref idref="fl-152"/>
      </object_component>
      <object_component id="oc-2ce">
         <name>.debug_info</name>
         <load_address>0x156ac</load_address>
         <run_address>0x156ac</run_address>
         <size>0x86</size>
         <input_file_ref idref="fl-152"/>
      </object_component>
      <object_component id="oc-36b">
         <name>.debug_info</name>
         <load_address>0x15732</load_address>
         <run_address>0x15732</run_address>
         <size>0x46</size>
         <input_file_ref idref="fl-152"/>
      </object_component>
      <object_component id="oc-2d8">
         <name>.debug_info</name>
         <load_address>0x15778</load_address>
         <run_address>0x15778</run_address>
         <size>0x39</size>
         <input_file_ref idref="fl-152"/>
      </object_component>
      <object_component id="oc-368">
         <name>.debug_info</name>
         <load_address>0x157b1</load_address>
         <run_address>0x157b1</run_address>
         <size>0xf0</size>
         <input_file_ref idref="fl-153"/>
      </object_component>
      <object_component id="oc-2c7">
         <name>.debug_info</name>
         <load_address>0x158a1</load_address>
         <run_address>0x158a1</run_address>
         <size>0x14d</size>
         <input_file_ref idref="fl-153"/>
      </object_component>
      <object_component id="oc-3cb">
         <name>.debug_info</name>
         <load_address>0x159ee</load_address>
         <run_address>0x159ee</run_address>
         <size>0xca</size>
         <input_file_ref idref="fl-154"/>
      </object_component>
      <object_component id="oc-365">
         <name>.debug_info</name>
         <load_address>0x15ab8</load_address>
         <run_address>0x15ab8</run_address>
         <size>0xd6</size>
         <input_file_ref idref="fl-154"/>
      </object_component>
      <object_component id="oc-2df">
         <name>.debug_info</name>
         <load_address>0x15b8e</load_address>
         <run_address>0x15b8e</run_address>
         <size>0xec</size>
         <input_file_ref idref="fl-155"/>
      </object_component>
      <object_component id="oc-1e6">
         <name>.debug_info</name>
         <load_address>0x15c7a</load_address>
         <run_address>0x15c7a</run_address>
         <size>0xd3</size>
         <input_file_ref idref="fl-155"/>
      </object_component>
      <object_component id="oc-416">
         <name>.debug_info</name>
         <load_address>0x15d4d</load_address>
         <run_address>0x15d4d</run_address>
         <size>0xdd</size>
         <input_file_ref idref="fl-155"/>
      </object_component>
      <object_component id="oc-311">
         <name>.debug_info</name>
         <load_address>0x15e2a</load_address>
         <run_address>0x15e2a</run_address>
         <size>0x160</size>
         <input_file_ref idref="fl-155"/>
      </object_component>
      <object_component id="oc-28a">
         <name>.debug_info</name>
         <load_address>0x15f8a</load_address>
         <run_address>0x15f8a</run_address>
         <size>0x102</size>
         <input_file_ref idref="fl-156"/>
      </object_component>
      <object_component id="oc-294">
         <name>.debug_info</name>
[...]
      <symbol id="sm-713">
         <name>__TI_cleanup_ptr</name>
         <value>0x80020ac</value>
         <object_component_ref idref="oc-125"/>
      </symbol>
      <symbol id="sm-737">
         <name>__aeabi_dsub</name>
         <value>0x9550</value>
         <object_component_ref idref="oc-1c5"/>
      </symbol>
      <symbol id="sm-738">
         <name>__aeabi_dadd</name>
         <value>0x955c</value>
         <object_component_ref idref="oc-1c5"/>
      </symbol>
      <symbol id="sm-758">
         <name>__aeabi_ddiv</name>
         <value>0x9e98</value>
         <object_component_ref idref="oc-1c0"/>
      </symbol>
      <symbol id="sm-765">
         <name>__aeabi_d2uiz</name>
         <value>0xbc9c</value>
         <object_component_ref idref="oc-1ca"/>
      </symbol>
      <symbol id="sm-77d">
         <name>__aeabi_fadd</name>
         <value>0xa6f4</value>
         <object_component_ref idref="oc-209"/>
      </symbol>
      <symbol id="sm-77e">
         <name>__aeabi_fsub</name>
         <value>0xa6f0</value>
         <object_component_ref idref="oc-209"/>
      </symbol>
      <symbol id="sm-793">
         <name>__aeabi_fdiv</name>
         <value>0xb240</value>
         <object_component_ref idref="oc-20e"/>
      </symbol>
      <symbol id="sm-7a5">
         <name>__aeabi_fmul</name>
         <value>0xb53c</value>
         <object_component_ref idref="oc-204"/>
      </symbol>
      <symbol id="sm-7b3">
         <name>__aeabi_f2d</name>
         <value>0xbbe0</value>
         <object_component_ref idref="oc-1fa"/>
      </symbol>
      <symbol id="sm-7c0">
         <name>__aeabi_i2f</name>
         <value>0xbdf4</value>
         <object_component_ref idref="oc-1ff"/>
      </symbol>
      <symbol id="sm-7ce">
         <name>ltoa</name>
         <value>0xba1c</value>
         <object_component_ref idref="oc-29d"/>
      </symbol>
      <symbol id="sm-7e7">
         <name>memcpy</name>
         <value>0xa028</value>
         <object_component_ref idref="oc-4d"/>
      </symbol>
      <symbol id="sm-7e8">
         <name>__aeabi_memcpy</name>
         <value>0xa028</value>
         <object_component_ref idref="oc-4d"/>
      </symbol>
      <symbol id="sm-7e9">
         <name>__aeabi_memcpy8</name>
         <value>0xa028</value>
         <object_component_ref idref="oc-4d"/>
      </symbol>
      <symbol id="sm-7ea">
         <name>__aeabi_memcpy4</name>
         <value>0xa028</value>
         <object_component_ref idref="oc-4d"/>
      </symbol>
      <symbol id="sm-7f9">
         <name>__aeabi_memset</name>
         <value>0xb490</value>
         <object_component_ref idref="oc-66"/>
      </symbol>
      <symbol id="sm-7fa">
         <name>memset</name>
         <value>0xb49c</value>
         <object_component_ref idref="oc-66"/>
      </symbol>
      <symbol id="sm-7fb">
         <name>__aeabi_memset8</name>
         <value>0xb490</value>
         <object_component_ref idref="oc-66"/>
      </symbol>
      <symbol id="sm-7fc">
         <name>__aeabi_memset4</name>
         <value>0xb490</value>
         <object_component_ref idref="oc-66"/>
      </symbol>
      <symbol id="sm-7fd">
         <name>__aeabi_memclr8</name>
         <value>0xb48c</value>
         <object_component_ref idref="oc-66"/>
      </symbol>
      <symbol id="sm-7fe">
         <name>__aeabi_memclr4</name>
         <value>0xb48c</value>
         <object_component_ref idref="oc-66"/>
      </symbol>
      <symbol id="sm-7ff">
         <name>__aeabi_memclr</name>
         <value>0xb48c</value>
         <object_component_ref idref="oc-66"/>
      </symbol>
      <symbol id="sm-81d">
         <name>printf</name>
         <value>0xb738</value>
         <object_component_ref idref="oc-100"/>
      </symbol>
      <symbol id="sm-829">
         <name>__aeabi_ui2d</name>
         <value>0xbf8c</value>
         <object_component_ref idref="oc-1bb"/>
      </symbol>
      <symbol id="sm-849">
         <name>_nop</name>
         <value>0xc0b0</value>
         <object_component_ref idref="oc-223"/>
      </symbol>
      <symbol id="sm-84a">
         <name>_lock</name>
         <value>0x80020a4</value>
         <object_component_ref idref="oc-122"/>
      </symbol>
      <symbol id="sm-84b">
         <name>_unlock</name>
         <value>0x80020a8</value>
         <object_component_ref idref="oc-122"/>
      </symbol>
      <symbol id="sm-84c">
         <name>_register_lock</name>
         <value>0xc0a4</value>
         <object_component_ref idref="oc-223"/>
      </symbol>
      <symbol id="sm-84d">
         <name>_register_unlock</name>
         <value>0xc098</value>
         <object_component_ref idref="oc-223"/>
      </symbol>
      <symbol id="sm-93e">
         <name>__TI_printfi</name>
         <value>0x3a84</value>
         <object_component_ref idref="oc-1df"/>
      </symbol>
      <symbol id="sm-951">
         <name>atoi</name>
         <value>0xb914</value>
         <object_component_ref idref="oc-2c6"/>
      </symbol>
      <symbol id="sm-95c">
         <name>_ctypes_</name>
         <value>0xc2a8</value>
         <object_component_ref idref="oc-364"/>
      </symbol>
      <symbol id="sm-975">
         <name>__aeabi_stdout</name>
         <value>0x8002090</value>
         <object_component_ref idref="oc-310"/>
      </symbol>
      <symbol id="sm-976">
         <name>__TI_tmpnams</name>
         <value>0x80021e4</value>
         <object_component_ref idref="oc-415"/>
      </symbol>
      <symbol id="sm-977">
         <name>__aeabi_stderr</name>
         <value>0x8002094</value>
         <object_component_ref idref="oc-310"/>
      </symbol>
      <symbol id="sm-978">
         <name>__aeabi_stdin</name>
         <value>0x800208c</value>
         <object_component_ref idref="oc-310"/>
      </symbol>
      <symbol id="sm-979">
         <name>_ftable</name>
         <value>0x8001d00</value>
         <object_component_ref idref="oc-1e5"/>
      </symbol>
      <symbol id="sm-97a">
         <name>__TI_ft_end</name>
         <value>0x8002088</value>
         <object_component_ref idref="oc-310"/>
      </symbol>
      <symbol id="sm-9a1">
         <name>__aeabi_cdcmpeq</name>
         <value>0xb080</value>
         <object_component_ref idref="oc-289"/>
      </symbol>
      <symbol id="sm-9a2">
         <name>__aeabi_cdcmple</name>
         <value>0xb080</value>
         <object_component_ref idref="oc-289"/>
      </symbol>
      <symbol id="sm-9a3">
         <name>__aeabi_cdrcmple</name>
         <value>0xb160</value>
         <object_component_ref idref="oc-293"/>
      </symbol>
      <symbol id="sm-9ba">
         <name>__aeabi_dmul</name>
         <value>0xa954</value>
         <object_component_ref idref="oc-28e"/>
      </symbol>
      <symbol id="sm-9c8">
         <name>__aeabi_d2iz</name>
         <value>0xbc40</value>
         <object_component_ref idref="oc-298"/>
      </symbol>
      <symbol id="sm-9e0">
         <name>putc</name>
         <value>0xaca4</value>
         <object_component_ref idref="oc-1d3"/>
      </symbol>
      <symbol id="sm-9e1">
         <name>fputc</name>
         <value>0xaca4</value>
         <object_component_ref idref="oc-1d3"/>
      </symbol>
      <symbol id="sm-9e2">
         <name>putchar</name>
         <value>0xad9c</value>
         <object_component_ref idref="oc-1d3"/>
      </symbol>
      <symbol id="sm-a02">
         <name>puts</name>
         <value>0x9b08</value>
         <object_component_ref idref="oc-1d9"/>
      </symbol>
      <symbol id="sm-a03">
         <name>fputs</name>
         <value>0x996c</value>
         <object_component_ref idref="oc-1d9"/>
      </symbol>
      <symbol id="sm-a10">
         <name>frexp</name>
         <value>0xbfc0</value>
         <object_component_ref idref="oc-2a8"/>
      </symbol>
      <symbol id="sm-a1f">
         <name>__aeabi_idivmod</name>
         <value>0xbd50</value>
         <object_component_ref idref="oc-340"/>
      </symbol>
      <symbol id="sm-a20">
         <name>__aeabi_idiv</name>
         <value>0xbd50</value>
         <object_component_ref idref="oc-340"/>
      </symbol>
      <symbol id="sm-a2c">
         <name>__aeabi_i2d</name>
         <value>0xbf18</value>
         <object_component_ref idref="oc-2a3"/>
      </symbol>
      <symbol id="sm-a3b">
         <name>ldexp</name>
         <value>0xbb14</value>
         <object_component_ref idref="oc-2ae"/>
      </symbol>
      <symbol id="sm-a8b">
         <name>open</name>
         <value>0x7f0c</value>
         <object_component_ref idref="oc-269"/>
      </symbol>
      <symbol id="sm-a8c">
         <name>add_device</name>
         <value>0x80f8</value>
         <object_component_ref idref="oc-269"/>
      </symbol>
      <symbol id="sm-a8d">
         <name>remove_device</name>
         <value>0x7e7c</value>
         <object_component_ref idref="oc-269"/>
      </symbol>
      <symbol id="sm-a8e">
         <name>lseek</name>
         <value>0x8024</value>
         <object_component_ref idref="oc-269"/>
      </symbol>
      <symbol id="sm-a8f">
         <name>read</name>
         <value>0x7ec8</value>
         <object_component_ref idref="oc-269"/>
      </symbol>
      <symbol id="sm-a90">
         <name>rename</name>
         <value>0x7e10</value>
         <object_component_ref idref="oc-269"/>
      </symbol>
      <symbol id="sm-a91">
         <name>write</name>
         <value>0x7cd8</value>
         <object_component_ref idref="oc-269"/>
      </symbol>
      <symbol id="sm-a92">
         <name>close</name>
         <value>0x8068</value>
         <object_component_ref idref="oc-269"/>
      </symbol>
      <symbol id="sm-a93">
         <name>unlink</name>
         <value>0x7dd0</value>
         <object_component_ref idref="oc-269"/>
      </symbol>
      <symbol id="sm-aa2">
         <name>memccpy</name>
         <value>0xbff0</value>
         <object_component_ref idref="oc-2c0"/>
      </symbol>
      <symbol id="sm-ab1">
         <name>memchr</name>
         <value>0xc01c</value>
         <object_component_ref idref="oc-277"/>
      </symbol>
      <symbol id="sm-abf">
         <name>strchr</name>
         <value>0xc048</value>
         <object_component_ref idref="oc-2b4"/>
      </symbol>
      <symbol id="sm-acd">
         <name>strcmp</name>
         <value>0xc070</value>
         <object_component_ref idref="oc-315"/>
      </symbol>
      <symbol id="sm-adb">
         <name>strlen</name>
         <value>0xc0bc</value>
         <object_component_ref idref="oc-271"/>
      </symbol>
      <symbol id="sm-aea">
         <name>strncpy</name>
         <value>0xbe8c</value>
         <object_component_ref idref="oc-31b"/>
      </symbol>
      <symbol id="sm-b0b">
         <name>HOSTgetenv</name>
         <value>0x85b0</value>
         <object_component_ref idref="oc-391"/>
      </symbol>
      <symbol id="sm-b0c">
         <name>HOSTrename</name>
         <value>0x8368</value>
         <object_component_ref idref="oc-391"/>
      </symbol>
      <symbol id="sm-b0d">
         <name>HOSTclose</name>
         <value>0x8618</value>
         <object_component_ref idref="oc-391"/>
      </symbol>
      <symbol id="sm-b0e">
         <name>HOSTunlink</name>
         <value>0x82a4</value>
         <object_component_ref idref="oc-391"/>
      </symbol>
      <symbol id="sm-b0f">
         <name>HOSTlseek</name>
         <value>0x8510</value>
         <object_component_ref idref="oc-391"/>
      </symbol>
      <symbol id="sm-b10">
         <name>HOSTopen</name>
         <value>0x8484</value>
         <object_component_ref idref="oc-391"/>
      </symbol>
      <symbol id="sm-b11">
         <name>HOSTclock</name>
         <value>0x8680</value>
         <object_component_ref idref="oc-391"/>
      </symbol>
      <symbol id="sm-b12">
         <name>HOSTwrite</name>
         <value>0x8220</value>
         <object_component_ref idref="oc-391"/>
      </symbol>
      <symbol id="sm-b13">
         <name>HOSTread</name>
         <value>0x8400</value>
         <object_component_ref idref="oc-391"/>
      </symbol>
      <symbol id="sm-b14">
         <name>HOSTtime</name>
         <value>0x8308</value>
         <object_component_ref idref="oc-391"/>
      </symbol>
      <symbol id="sm-b2e">
         <name>__TI_readmsg</name>
         <value>0xb824</value>
         <object_component_ref idref="oc-3e3"/>
      </symbol>
      <symbol id="sm-b2f">
         <name>C$$IO$$</name>
         <value>0xb81c</value>
         <object_component_ref idref="oc-3e3"/>
      </symbol>
      <symbol id="sm-b30">
         <name>__CIOBUF_</name>
         <value>0x80020c4</value>
         <object_component_ref idref="oc-41c"/>
      </symbol>
      <symbol id="sm-b31">
         <name>__TI_writemsg</name>
         <value>0xb7d4</value>
         <object_component_ref idref="oc-3e3"/>
      </symbol>
      <symbol id="sm-b3f">
         <name>__aeabi_uidivmod</name>
         <value>0xbda4</value>
         <object_component_ref idref="oc-284"/>
      </symbol>
      <symbol id="sm-b40">
         <name>__aeabi_uidiv</name>
         <value>0xbda4</value>
         <object_component_ref idref="oc-284"/>
      </symbol>
      <symbol id="sm-b6a">
         <name>__aeabi_uldivmod</name>
         <value>0x902c</value>
         <object_component_ref idref="oc-27f"/>
      </symbol>
      <symbol id="sm-b78">
         <name>_Dclass</name>
         <value>0xbf54</value>
         <object_component_ref idref="oc-2ba"/>
      </symbol>
      <symbol id="sm-b96">
         <name>_Dscale</name>
         <value>0x9cf0</value>
         <object_component_ref idref="oc-350"/>
      </symbol>
      <symbol id="sm-ba9">
         <name>_Dunscale</name>
         <value>0xb3d8</value>
         <object_component_ref idref="oc-348"/>
      </symbol>
      <symbol id="sm-bb6">
         <name>_Feraise</name>
         <value>0xbed4</value>
         <object_component_ref idref="oc-356"/>
      </symbol>
      <symbol id="sm-bc6">
         <name>_Rteps</name>
         <value>0x8001fd0</value>
         <object_component_ref idref="oc-3b2"/>
      </symbol>
      <symbol id="sm-bc7">
         <name>_Zero</name>
         <value>0x8001fe8</value>
         <object_component_ref idref="oc-3b2"/>
      </symbol>
      <symbol id="sm-bc8">
         <name>_Hugeval</name>
         <value>0x8001f90</value>
         <object_component_ref idref="oc-3b2"/>
      </symbol>
      <symbol id="sm-bc9">
         <name>_Snan</name>
         <value>0x8001fc0</value>
         <object_component_ref idref="oc-3b2"/>
      </symbol>
      <symbol id="sm-bca">
         <name>_Nan</name>
         <value>0x8001fb0</value>
         <object_component_ref idref="oc-3b2"/>
      </symbol>
      <symbol id="sm-bcb">
         <name>_Inf</name>
         <value>0x8001fa0</value>
         <object_component_ref idref="oc-3b2"/>
      </symbol>
      <symbol id="sm-bcc">
         <name>_Xbig</name>
         <value>0x8001fe0</value>
         <object_component_ref idref="oc-3b2"/>
      </symbol>
      <symbol id="sm-bcd">
         <name>_Eps</name>
         <value>0x8001f80</value>
         <object_component_ref idref="oc-3b2"/>
      </symbol>
      <symbol id="sm-bce">
         <name>_Denorm</name>
         <value>0x8001f70</value>
         <object_component_ref idref="oc-3b2"/>
      </symbol>
      <symbol id="sm-bea">
         <name>__TI_wrt_ok</name>
         <value>0xaa7c</value>
         <object_component_ref idref="oc-25d"/>
      </symbol>
      <symbol id="sm-beb">
         <name>__TI_rd_ok</name>
         <value>0xab1c</value>
         <object_component_ref idref="oc-25d"/>
      </symbol>
      <symbol id="sm-bf3">
         <name>_Errno</name>
         <value>0x80020bc</value>
         <object_component_ref idref="oc-3bd"/>
      </symbol>
      <symbol id="sm-c12">
         <name>feraiseexcept</name>
         <value>0xbcf8</value>
         <object_component_ref idref="oc-3b7"/>
      </symbol>
      <symbol id="sm-c13">
         <name>_Tls_setup__Fenv</name>
         <value>0x80020b8</value>
         <object_component_ref idref="oc-40b"/>
      </symbol>
      <symbol id="sm-c14">
         <name>_Fenv</name>
         <value>0x80020b4</value>
         <object_component_ref idref="oc-40b"/>
      </symbol>
      <symbol id="sm-c2e">
         <name>__TI_doflush</name>
         <value>0xa824</value>
         <object_component_ref idref="oc-263"/>
      </symbol>
      <symbol id="sm-c2f">
         <name>fflush</name>
         <value>0xa8a8</value>
         <object_component_ref idref="oc-263"/>
      </symbol>
      <symbol id="sm-c41">
         <name>fseek</name>
         <value>0xb5e4</value>
         <object_component_ref idref="oc-302"/>
      </symbol>
      <symbol id="sm-c4b">
         <name>__aeabi_idiv0</name>
         <value>0xc124</value>
         <object_component_ref idref="oc-335"/>
      </symbol>
      <symbol id="sm-c5e">
         <name>raise</name>
         <value>0xbe40</value>
         <object_component_ref idref="oc-405"/>
      </symbol>
      <symbol id="sm-c78">
         <name>setvbuf</name>
         <value>0xa308</value>
         <object_component_ref idref="oc-308"/>
      </symbol>
      <symbol id="sm-c92">
         <name>signal</name>
         <value>0xbb7c</value>
         <object_component_ref idref="oc-427"/>
      </symbol>
      <symbol id="sm-ca0">
         <name>strcpy</name>
         <value>0xc0dc</value>
         <object_component_ref idref="oc-3e9"/>
      </symbol>
      <symbol id="sm-cb5">
         <name>_Dnorm</name>
         <value>0xa1a8</value>
         <object_component_ref idref="oc-3a8"/>
      </symbol>
      <symbol id="sm-ce8">
         <name>__TI_cleanup</name>
         <value>0x8e98</value>
         <object_component_ref idref="oc-37a"/>
      </symbol>
      <symbol id="sm-ce9">
         <name>freopen</name>
         <value>0x8ee4</value>
         <object_component_ref idref="oc-37a"/>
      </symbol>
      <symbol id="sm-cea">
         <name>fopen</name>
         <value>0x8f30</value>
         <object_component_ref idref="oc-37a"/>
      </symbol>
      <symbol id="sm-d4e">
         <name>_sys_memory</name>
         <value>0x8001500</value>
         <object_component_ref idref="oc-4a"/>
      </symbol>
      <symbol id="sm-d4f">
         <name>free</name>
         <value>0x726c</value>
         <object_component_ref idref="oc-374"/>
      </symbol>
      <symbol id="sm-d50">
         <name>realloc</name>
         <value>0x73c4</value>
         <object_component_ref idref="oc-374"/>
      </symbol>
      <symbol id="sm-d51">
         <name>memalign</name>
         <value>0x7558</value>
         <object_component_ref idref="oc-374"/>
      </symbol>
      <symbol id="sm-d52">
         <name>calloc</name>
         <value>0x7698</value>
         <object_component_ref idref="oc-374"/>
      </symbol>
      <symbol id="sm-d53">
         <name>malloc</name>
         <value>0x71b0</value>
         <object_component_ref idref="oc-374"/>
      </symbol>
      <symbol id="sm-d54">
         <name>minit</name>
         <value>0x70b4</value>
         <object_component_ref idref="oc-374"/>
      </symbol>
      <symbol id="sm-d6a">
         <name>__TI_closefile</name>
         <value>0xadb0</value>
         <object_component_ref idref="oc-3d4"/>
      </symbol>
      <symbol id="sm-d6b">
         <name>fclose</name>
         <value>0xae5c</value>
         <object_component_ref idref="oc-3d4"/>
      </symbol>
      <symbol id="sm-d6d">
         <name>__TI_static_base__</name>
         <value>0x0</value>
      </symbol>
      <symbol id="sm-d70">
         <name>SHT$$INIT_ARRAY$$Base</name>
         <value>0x0</value>
      </symbol>
      <symbol id="sm-d71">
         <name>SHT$$INIT_ARRAY$$Limit</name>
         <value>0x0</value>
      </symbol>
      <symbol id="sm-d72">
         <name>remove</name>
         <value>0x7dd0</value>
      </symbol>
   </symbol_table>
   <title>Link successful</title>
</link_info>
